Archive member included to satisfy reference by file (symbol)

/home/jalcim/gcc_toolchain/gcc-arm-none-eabi-7-2018-q2-update/bin/../lib/gcc/arm-none-eabi/7.3.1/../../../../arm-none-eabi/lib/thumb/v7e-m/fpv4-sp/softfp/libc_nano.a(lib_a-assert.o)
                              build_mx8qx_b0/drivers/gpio/fsl_gpio.o (__assert_func)
/home/jalcim/gcc_toolchain/gcc-arm-none-eabi-7-2018-q2-update/bin/../lib/gcc/arm-none-eabi/7.3.1/../../../../arm-none-eabi/lib/thumb/v7e-m/fpv4-sp/softfp/libc_nano.a(lib_a-errno.o)
                              build_mx8qx_b0/main/monitor.o (__errno)
/home/jalcim/gcc_toolchain/gcc-arm-none-eabi-7-2018-q2-update/bin/../lib/gcc/arm-none-eabi/7.3.1/../../../../arm-none-eabi/lib/thumb/v7e-m/fpv4-sp/softfp/libc_nano.a(lib_a-exit.o)
                              build_mx8qx_b0/main/main_common.o (exit)
/home/jalcim/gcc_toolchain/gcc-arm-none-eabi-7-2018-q2-update/bin/../lib/gcc/arm-none-eabi/7.3.1/../../../../arm-none-eabi/lib/thumb/v7e-m/fpv4-sp/softfp/libc_nano.a(lib_a-fgets.o)
                              build_mx8qx_b0/main/monitor.o (fgets)
/home/jalcim/gcc_toolchain/gcc-arm-none-eabi-7-2018-q2-update/bin/../lib/gcc/arm-none-eabi/7.3.1/../../../../arm-none-eabi/lib/thumb/v7e-m/fpv4-sp/softfp/libc_nano.a(lib_a-findfp.o)
                              /home/jalcim/gcc_toolchain/gcc-arm-none-eabi-7-2018-q2-update/bin/../lib/gcc/arm-none-eabi/7.3.1/../../../../arm-none-eabi/lib/thumb/v7e-m/fpv4-sp/softfp/libc_nano.a(lib_a-fgets.o) (__sinit)
/home/jalcim/gcc_toolchain/gcc-arm-none-eabi-7-2018-q2-update/bin/../lib/gcc/arm-none-eabi/7.3.1/../../../../arm-none-eabi/lib/thumb/v7e-m/fpv4-sp/softfp/libc_nano.a(lib_a-fprintf.o)
                              /home/jalcim/gcc_toolchain/gcc-arm-none-eabi-7-2018-q2-update/bin/../lib/gcc/arm-none-eabi/7.3.1/../../../../arm-none-eabi/lib/thumb/v7e-m/fpv4-sp/softfp/libc_nano.a(lib_a-assert.o) (fiprintf)
/home/jalcim/gcc_toolchain/gcc-arm-none-eabi-7-2018-q2-update/bin/../lib/gcc/arm-none-eabi/7.3.1/../../../../arm-none-eabi/lib/thumb/v7e-m/fpv4-sp/softfp/libc_nano.a(lib_a-fwalk.o)
                              /home/jalcim/gcc_toolchain/gcc-arm-none-eabi-7-2018-q2-update/bin/../lib/gcc/arm-none-eabi/7.3.1/../../../../arm-none-eabi/lib/thumb/v7e-m/fpv4-sp/softfp/libc_nano.a(lib_a-findfp.o) (_fwalk)
/home/jalcim/gcc_toolchain/gcc-arm-none-eabi-7-2018-q2-update/bin/../lib/gcc/arm-none-eabi/7.3.1/../../../../arm-none-eabi/lib/thumb/v7e-m/fpv4-sp/softfp/libc_nano.a(lib_a-impure.o)
                              /home/jalcim/gcc_toolchain/gcc-arm-none-eabi-7-2018-q2-update/bin/../lib/gcc/arm-none-eabi/7.3.1/../../../../arm-none-eabi/lib/thumb/v7e-m/fpv4-sp/softfp/libc_nano.a(lib_a-exit.o) (_global_impure_ptr)
/home/jalcim/gcc_toolchain/gcc-arm-none-eabi-7-2018-q2-update/bin/../lib/gcc/arm-none-eabi/7.3.1/../../../../arm-none-eabi/lib/thumb/v7e-m/fpv4-sp/softfp/libc_nano.a(lib_a-init.o)
                              build_mx8qx_b0/board/board.o (__libc_init_array)
/home/jalcim/gcc_toolchain/gcc-arm-none-eabi-7-2018-q2-update/bin/../lib/gcc/arm-none-eabi/7.3.1/../../../../arm-none-eabi/lib/thumb/v7e-m/fpv4-sp/softfp/libc_nano.a(lib_a-memchr.o)
                              /home/jalcim/gcc_toolchain/gcc-arm-none-eabi-7-2018-q2-update/bin/../lib/gcc/arm-none-eabi/7.3.1/../../../../arm-none-eabi/lib/thumb/v7e-m/fpv4-sp/softfp/libc_nano.a(lib_a-fgets.o) (memchr)
/home/jalcim/gcc_toolchain/gcc-arm-none-eabi-7-2018-q2-update/bin/../lib/gcc/arm-none-eabi/7.3.1/../../../../arm-none-eabi/lib/thumb/v7e-m/fpv4-sp/softfp/libc_nano.a(lib_a-memcpy-stub.o)
                              build_mx8qx_b0/main/boot.o (memcpy)
/home/jalcim/gcc_toolchain/gcc-arm-none-eabi-7-2018-q2-update/bin/../lib/gcc/arm-none-eabi/7.3.1/../../../../arm-none-eabi/lib/thumb/v7e-m/fpv4-sp/softfp/libc_nano.a(lib_a-memset.o)
                              build_mx8qx_b0/drivers/xrdc2/fsl_xrdc2.o (memset)
/home/jalcim/gcc_toolchain/gcc-arm-none-eabi-7-2018-q2-update/bin/../lib/gcc/arm-none-eabi/7.3.1/../../../../arm-none-eabi/lib/thumb/v7e-m/fpv4-sp/softfp/libc_nano.a(lib_a-nano-mallocr.o)
                              /home/jalcim/gcc_toolchain/gcc-arm-none-eabi-7-2018-q2-update/bin/../lib/gcc/arm-none-eabi/7.3.1/../../../../arm-none-eabi/lib/thumb/v7e-m/fpv4-sp/softfp/libc_nano.a(lib_a-findfp.o) (_malloc_r)
/home/jalcim/gcc_toolchain/gcc-arm-none-eabi-7-2018-q2-update/bin/../lib/gcc/arm-none-eabi/7.3.1/../../../../arm-none-eabi/lib/thumb/v7e-m/fpv4-sp/softfp/libc_nano.a(lib_a-nano-vfprintf.o)
                              /home/jalcim/gcc_toolchain/gcc-arm-none-eabi-7-2018-q2-update/bin/../lib/gcc/arm-none-eabi/7.3.1/../../../../arm-none-eabi/lib/thumb/v7e-m/fpv4-sp/softfp/libc_nano.a(lib_a-fprintf.o) (_vfprintf_r)
/home/jalcim/gcc_toolchain/gcc-arm-none-eabi-7-2018-q2-update/bin/../lib/gcc/arm-none-eabi/7.3.1/../../../../arm-none-eabi/lib/thumb/v7e-m/fpv4-sp/softfp/libc_nano.a(lib_a-nano-vfprintf_i.o)
[...]
Memory Configuration

Name             Origin             Length             Attributes
m_interrupts     0x000000001ffe0000 0x0000000000000280 xr
m_text           0x000000001ffe0280 0x000000000002fd70 xr
m_emul           0x000000002000fff0 0x0000000000000010 xr
m_data           0x0000000020010000 0x000000000000cfc0 rw
m_debug          0x000000002001cfc0 0x0000000000000040 rw
m_data_2         0x000000002001d000 0x0000000000002000 rw
*default*        0x0000000000000000 0xffffffffffffffff

Linker script and memory map

                0x0000000000000001                __ram_vector_table__ = 0x1
LOAD build_mx8qx_b0/devices/startup.o
LOAD build_mx8qx_b0/devices/memops.o
LOAD build_mx8qx_b0/devices/MX8QX/system_MX8QX.o
LOAD build_mx8qx_b0/devices/MX8QX/handlers_MX8QX.o
LOAD build_mx8qx_b0/devices/MX8QX/gcc/startup_MX8QX.o
LOAD build_mx8qx_b0/main/main.o
LOAD build_mx8qx_b0/main/main_common.o
LOAD build_mx8qx_b0/main/boot.o
LOAD build_mx8qx_b0/main/debug.o
LOAD build_mx8qx_b0/main/rpc.o
LOAD build_mx8qx_b0/main/ipc_srv.o
LOAD build_mx8qx_b0/main/ipc.o
LOAD build_mx8qx_b0/main/monitor.o
LOAD build_mx8qx_b0/utilities/newlib_stubs.o
LOAD build_mx8qx_b0/soc/MX8QX/soc.o
LOAD build_mx8qx_b0/soc/common/soc_common.o
LOAD build_mx8qx_b0/drivers/analog/fsl_analog.o
LOAD build_mx8qx_b0/drivers/analog/fsl_analog_refgen.o
LOAD build_mx8qx_b0/drivers/analog/fsl_analog_fbb.o
LOAD build_mx8qx_b0/drivers/csr/fsl_csr.o
LOAD build_mx8qx_b0/drivers/dsc/fsl_dsc.o
LOAD build_mx8qx_b0/drivers/dsc/fsl_dsc_ai.o
LOAD build_mx8qx_b0/drivers/pad/fsl_pad.o
LOAD build_mx8qx_b0/drivers/sysctr/fsl_sysctr.o
LOAD build_mx8qx_b0/drivers/xrdc2/fsl_xrdc2.o
LOAD build_mx8qx_b0/drivers/mtr/fsl_mtr.o
LOAD build_mx8qx_b0/drivers/seco/v2/fsl_seco.o
LOAD build_mx8qx_b0/drivers/gpio/fsl_gpio.o
LOAD build_mx8qx_b0/drivers/lmem/fsl_lmem_cache.o
LOAD build_mx8qx_b0/drivers/lpi2c/fsl_lpi2c.o
LOAD build_mx8qx_b0/drivers/lpit/fsl_lpit.o
LOAD build_mx8qx_b0/drivers/lpcg/fsl_lpcg.o
LOAD build_mx8qx_b0/drivers/lpuart/fsl_lpuart.o
LOAD build_mx8qx_b0/drivers/mu/fsl_mu.o
LOAD build_mx8qx_b0/drivers/otp/fsl_otp.o
LOAD build_mx8qx_b0/drivers/stc/fsl_stc.o
LOAD build_mx8qx_b0/drivers/systick/fsl_systick.o
LOAD build_mx8qx_b0/drivers/drc/fsl_drc.o
LOAD build_mx8qx_b0/drivers/drc/fsl_drc_dqs2dq.o
LOAD build_mx8qx_b0/drivers/wdog32/fsl_wdog32.o
LOAD build_mx8qx_b0/drivers/snvs/v2/fsl_snvs.o
LOAD build_mx8qx_b0/drivers/pmic/fsl_pmic.o
LOAD build_mx8qx_b0/drivers/pmic/pf8100/fsl_pf8100.o
LOAD build_mx8qx_b0/drivers/pmic/pf100/fsl_pf100.o
LOAD build_mx8qx_b0/ss/inf/inf.o
LOAD build_mx8qx_b0/ss/sc/v2/ss.o
LOAD build_mx8qx_b0/ss/adma/v2/ss.o
LOAD build_mx8qx_b0/ss/vpu/v4/ss.o
LOAD build_mx8qx_b0/ss/lsio/v2/ss.o
LOAD build_mx8qx_b0/ss/a35/v1/ss.o
LOAD build_mx8qx_b0/ss/base/ss.o
LOAD build_mx8qx_b0/ss/conn/v1/ss.o
LOAD build_mx8qx_b0/ss/csi/v1/ss.o
LOAD build_mx8qx_b0/ss/db/v2/ss.o
LOAD build_mx8qx_b0/ss/dc/v1/ss.o
LOAD build_mx8qx_b0/ss/drc/v2/ss.o
LOAD build_mx8qx_b0/ss/gpu/v2/ss.o
LOAD build_mx8qx_b0/ss/hsio/v2/ss.o
LOAD build_mx8qx_b0/ss/img/v1/ss.o
LOAD build_mx8qx_b0/ss/m4/v1/ss.o
LOAD build_mx8qx_b0/ss/mipi/v2/ss.o
LOAD build_mx8qx_b0/ss/pi/v1/ss.o
LOAD build_mx8qx_b0/board/mx8qx_mek/board.o
LOAD build_mx8qx_b0/board/board_common.o
LOAD build_mx8qx_b0/board/board.o
LOAD build_mx8qx_b0/board/pmic.o
LOAD build_mx8qx_b0/svc/irq/svc.o
LOAD build_mx8qx_b0/svc/misc/svc.o
LOAD build_mx8qx_b0/svc/pad/svc.o
LOAD build_mx8qx_b0/svc/pm/svc.o
LOAD build_mx8qx_b0/svc/rm/svc.o
LOAD build_mx8qx_b0/svc/timer/svc.o
LOAD build_mx8qx_b0/svc/irq/rpc_srv.o
LOAD build_mx8qx_b0/svc/misc/rpc_srv.o
LOAD build_mx8qx_b0/svc/pad/rpc_srv.o
LOAD build_mx8qx_b0/svc/pm/rpc_srv.o
LOAD build_mx8qx_b0/svc/rm/rpc_srv.o
LOAD build_mx8qx_b0/svc/timer/rpc_srv.o
LOAD build_mx8qx_b0/svc/irq/rpc_clnt.o
LOAD build_mx8qx_b0/svc/misc/rpc_clnt.o
LOAD build_mx8qx_b0/svc/pad/rpc_clnt.o
LOAD build_mx8qx_b0/svc/pm/rpc_clnt.o
LOAD build_mx8qx_b0/svc/rm/rpc_clnt.o
LOAD build_mx8qx_b0/svc/timer/rpc_clnt.o
LOAD /home/jalcim/gcc_toolchain/gcc-arm-none-eabi-7-2018-q2-update/bin/../lib/gcc/arm-none-eabi/7.3.1/../../../../arm-none-eabi/lib/thumb/v7e-m/fpv4-sp/softfp/libc_nano.a
LOAD /home/jalcim/gcc_toolchain/gcc-arm-none-eabi-7-2018-q2-update/bin/../lib/gcc/arm-none-eabi/7.3.1/thumb/v7e-m/fpv4-sp/softfp/libgcc.a
                0x0000000000001000                HEAP_SIZE = DEFINED (__heap_size__)?__heap_size__:0x1000
                0x0000000000000800                STACK_SIZE = DEFINED (__stack_size__)?__stack_size__:0x800
                0x0000000000000010                EMUL_SIZE = DEFINED (__emul_size__)?__emul_size__:0x10
                0x0000000000000040                DEBUG_DATA_SIZE = DEFINED (__debug_data_size__)?__debug_data_size__:0x40
                0x000000000000000b                GUARD_LOG2 = DEFINED (__guard_log2__)?__guard_log2__:0xb
                0x0000000000000800                GUARD_SIZE = (0x1 << GUARD_LOG2)

.interrupts     0x000000001ffe0000      0x250
                0x000000001ffe0000                . = ALIGN (0x80)
                0x000000001ffe0000                __VECTOR_TABLE = .
 *(.isr_vector)
 .isr_vector    0x000000001ffe0000      0x250 build_mx8qx_b0/devices/MX8QX/gcc/startup_MX8QX.o
                0x000000001ffe0000                __isr_vector
                0x000000001ffe0250                . = ALIGN (0x8)
                0x000000001ffe0000                __VECTOR_RAM = __VECTOR_TABLE
                0x0000000000000000                __RAM_VECTOR_TABLE_SIZE_BYTES = 0x0

.text           0x000000001ffe0280    0x192bc
                0x000000001ffe0280                . = ALIGN (0x8)
 *(.text)
 .text          0x000000001ffe0280       0x7c build_mx8qx_b0/devices/memops.o
                0x000000001ffe0280                memcpy_unrolled_64
                0x000000001ffe02a0                memset_unrolled_64
                0x000000001ffe02d0                memset_unrolled_28
                0x000000001ffe02f0                memset_unrolled_8
 .text          0x000000001ffe02fc      0x1dc build_mx8qx_b0/devices/MX8QX/gcc/startup_MX8QX.o
                0x000000001ffe02fc                Reset_Handler
                0x000000001ffe0448                NMI_Handler_Shim
                0x000000001ffe045c                HardFault_Handler_Shim
                0x000000001ffe0470                MemManage_Handler_Shim
                0x000000001ffe0484                BusFault_Handler_Shim
                0x000000001ffe0498                UsageFault_Handler_Shim
                0x000000001ffe04ac                MCM_IRQHandler_Shim
                0x000000001ffe04c0                LPIT_SCU_IRQHandler_Shim
                0x000000001ffe04d2                INTMUX0_3_IRQHandler
                0x000000001ffe04d2                IOMUX25_IRQHandler
                0x000000001ffe04d2                DSC_RX_HDMI_IRQHandler
                0x000000001ffe04d2                DebugMon_Handler
                0x000000001ffe04d2                INTMUX0_12_IRQHandler
                0x000000001ffe04d2                DSC_DRC_1_IRQHandler
                0x000000001ffe04d2                LPUART_SCU_IRQHandler
                0x000000001ffe04d2                SysTick_Handler
                0x000000001ffe04d2                DSC21_IRQHandler
                0x000000001ffe04d2                PendSV_Handler
                0x000000001ffe04d2                CAAM_IRQ1_IRQHandler
                0x000000001ffe04d2                TPM0_IRQHandler
                0x000000001ffe04d2                IOMUX15_IRQHandler
                0x000000001ffe04d2                LPI2C0_IRQHandler
                0x000000001ffe04d2                PMIC_EarlyWarning_IRQHandler
                0x000000001ffe04d2                IOMUX18_IRQHandler
                0x000000001ffe04d2                SYSCTR_CMP3_IRQHandler
                0x000000001ffe04d2                SNVS_Periodic_IRQHandler
                0x000000001ffe04d2                IOMUX23_IRQHandler
                0x000000001ffe04d2                IOMUX31_IRQHandler
                0x000000001ffe04d2                DSC_Connectivity_IRQHandler
                0x000000001ffe04d2                IOMUX19_IRQHandler
                0x000000001ffe04d2                MU0_B1_IRQHandler
                0x000000001ffe04d2                INTMUX0_15_IRQHandler
                0x000000001ffe04d2                IOMUX21_IRQHandler
                0x000000001ffe04d2                IOMUX26_IRQHandler
                0x000000001ffe04d2                SECO_MU_IRQHandler
                0x000000001ffe04d2                IOMUX29_IRQHandler
                0x000000001ffe04d2                DSC_MIPI_CSI_0_IRQHandler
                0x000000001ffe04d2                IOMUX30_IRQHandler
                0x000000001ffe04d2                INTMUX0_1_IRQHandler
                0x000000001ffe04d2                DSC_DI_LVDS_0_IRQHandler
                0x000000001ffe04d2                DSC_DI_MIPI_0_IRQHandler
                0x000000001ffe04d2                MU0_B3_IRQHandler
                0x000000001ffe04d2                DSC_DI_HDMI_IRQHandler
                0x000000001ffe04d2                DSC_DC_0_IRQHandler
                0x000000001ffe04d2                OCOTP_Bank0_IRQHandler
                0x000000001ffe04d2                INTMUX0_6_IRQHandler
                0x000000001ffe04d2                CAAM_IRQ3_IRQHandler
                0x000000001ffe04d2                SYSCTR_CMP2_IRQHandler
                0x000000001ffe04d2                DSC_VPUCORE_IRQHandler
                0x000000001ffe04d2                DSC03_IRQHandler
                0x000000001ffe04d2                INTMUX0_5_IRQHandler
                0x000000001ffe04d2                SNVS_Alarm_IRQHandler
                0x000000001ffe04d2                DSC_CCI_IRQHandler
                0x000000001ffe04d2                INTMUX0_0_IRQHandler
                0x000000001ffe04d2                INTMUX0_2_IRQHandler
                0x000000001ffe04d2                INTMUX0_11_IRQHandler
                0x000000001ffe04d2                INTMUX0_7_IRQHandler
                0x000000001ffe04d2                DSC_DC_1_IRQHandler
                0x000000001ffe04d2                IOMUX17_IRQHandler
                0x000000001ffe04d2                IOMUX13_IRQHandler
                0x000000001ffe04d2                SECO_MU_NMI_IRQHandler
                0x000000001ffe04d2                IOMUX20_IRQHandler
                0x000000001ffe04d2                DSC_Imaging_IRQHandler
                0x000000001ffe04d2                SVC_Handler
                0x000000001ffe04d2                DSC_MIPI_CSI_1_IRQHandler
                0x000000001ffe04d2                DSC_DB_IRQHandler
                0x000000001ffe04d2                DSC_DI_MIPI_1_IRQHandler
                0x000000001ffe04d2                CAAM_RTIC_IRQHandler
                0x000000001ffe04d2                INTMUX0_8_IRQHandler
                0x000000001ffe04d2                INTMUX0_9_IRQHandler
                0x000000001ffe04d2                INTMUX0_10_IRQHandler
                0x000000001ffe04d2                DSC_GPU_1_IRQHandler
                0x000000001ffe04d2                IOMUX24_IRQHandler
                0x000000001ffe04d2                INTMUX0_13_IRQHandler
                0x000000001ffe04d2                IOMUX28_IRQHandler
                0x000000001ffe04d2                DSC_CM4_1_IRQHandler
                0x000000001ffe04d2                IOMUX14_IRQHandler
                0x000000001ffe04d2                INTMUX0_4_IRQHandler
                0x000000001ffe04d2                CAAM_IRQ2_IRQHandler
                0x000000001ffe04d2                DSC_DI_LVDS_1_IRQHandler
                0x000000001ffe04d2                MU0_B0_IRQHandler
                0x000000001ffe04d2                INTMUX0_14_IRQHandler
                0x000000001ffe04d2                MU1_A_IRQHandler
                0x000000001ffe04d2                CAAM_Error_IRQHandler
                0x000000001ffe04d2                CAAM_IRQ0_IRQHandler
                0x000000001ffe04d2                MU0_B2_IRQHandler
                0x000000001ffe04d2                IOMUX27_IRQHandler
                0x000000001ffe04d2                OCOTP_Bank1_IRQHandler
                0x000000001ffe04d2                DSC_DBLOG_IRQHandler
                0x000000001ffe04d2                DSC_HSIO_IRQHandler
                0x000000001ffe04d2                DSC_CA72_IRQHandler
                0x000000001ffe04d2                IOMUX22_IRQHandler
                0x000000001ffe04d2                IOMUX16_IRQHandler
                0x000000001ffe04d2                DSC_DMA_IRQHandler
 *fill*         0x000000001ffe04d8        0x8 
 .text          0x000000001ffe04e0        0xc build_mx8qx_b0/board/board.o
                0x000000001ffe04e0                board_libc_init_array
 *fill*         0x000000001ffe04ec        0x4 
 .text          0x000000001ffe04f0       0xa0 /home/jalcim/gcc_toolchain/gcc-arm-none-eabi-7-2018-q2-update/bin/../lib/gcc/arm-none-eabi/7.3.1/../../../../arm-none-eabi/lib/thumb/v7e-m/fpv4-sp/softfp/libc_nano.a(lib_a-memchr.o)
                0x000000001ffe04f0                memchr
 .text          0x000000001ffe0590       0x10 /home/jalcim/gcc_toolchain/gcc-arm-none-eabi-7-2018-q2-update/bin/../lib/gcc/arm-none-eabi/7.3.1/../../../../arm-none-eabi/lib/thumb/v7e-m/fpv4-sp/softfp/libc_nano.a(lib_a-strlen.o)
                0x000000001ffe0590                strlen
 .text          0x000000001ffe05a0       0x18 /home/jalcim/gcc_toolchain/gcc-arm-none-eabi-7-2018-q2-update/bin/../lib/gcc/arm-none-eabi/7.3.1/thumb/v7e-m/fpv4-sp/softfp/libgcc.a(_lshrdi3.o)
                0x000000001ffe05a0                __aeabi_llsr
                0x000000001ffe05a0                __lshrdi3
 .text          0x000000001ffe05b8       0x18 /home/jalcim/gcc_toolchain/gcc-arm-none-eabi-7-2018-q2-update/bin/../lib/gcc/arm-none-eabi/7.3.1/thumb/v7e-m/fpv4-sp/softfp/libgcc.a(_ashldi3.o)
                0x000000001ffe05b8                __ashldi3
                0x000000001ffe05b8                __aeabi_llsl
 .text          0x000000001ffe05d0       0x30 /home/jalcim/gcc_toolchain/gcc-arm-none-eabi-7-2018-q2-update/bin/../lib/gcc/arm-none-eabi/7.3.1/thumb/v7e-m/fpv4-sp/softfp/libgcc.a(_aeabi_uldivmod.o)
                0x000000001ffe05d0                __aeabi_uldivmod
 .text          0x000000001ffe0600      0x2cc /home/jalcim/gcc_toolchain/gcc-arm-none-eabi-7-2018-q2-update/bin/../lib/gcc/arm-none-eabi/7.3.1/thumb/v7e-m/fpv4-sp/softfp/libgcc.a(_udivmoddi4.o)
                0x000000001ffe0600                __udivmoddi4
 .text          0x000000001ffe08cc        0x4 /home/jalcim/gcc_toolchain/gcc-arm-none-eabi-7-2018-q2-update/bin/../lib/gcc/arm-none-eabi/7.3.1/thumb/v7e-m/fpv4-sp/softfp/libgcc.a(_dvmd_tls.o)
                0x000000001ffe08cc                __aeabi_ldiv0
                0x000000001ffe08cc                __aeabi_idiv0
 *(.text*)
 .text.init_data_bss
                0x000000001ffe08d0       0x7c build_mx8qx_b0/devices/startup.o
                0x000000001ffe08d0                init_data_bss
 .text.SystemEventTrigger
                0x000000001ffe094c       0x2c build_mx8qx_b0/devices/MX8QX/system_MX8QX.o
                0x000000001ffe094c                SystemEventTrigger
 .text.SystemEnterCS
                0x000000001ffe0978       0x20 build_mx8qx_b0/devices/MX8QX/system_MX8QX.o
                0x000000001ffe0978                SystemEnterCS
 .text.SystemExitCS
                0x000000001ffe0998       0x1c build_mx8qx_b0/devices/MX8QX/system_MX8QX.o
                0x000000001ffe0998                SystemExitCS
 .text.SystemGetActiveException
                0x000000001ffe09b4       0x10 build_mx8qx_b0/devices/MX8QX/system_MX8QX.o
                0x000000001ffe09b4                SystemGetActiveException
 .text.CommonFault_Handler
                0x000000001ffe09c4       0x34 build_mx8qx_b0/devices/MX8QX/system_MX8QX.o
                0x000000001ffe09c4                CommonFault_Handler
 .text.HardFault_Handler
                0x000000001ffe09f8        0x4 build_mx8qx_b0/devices/MX8QX/system_MX8QX.o
                0x000000001ffe09f8                HardFault_Handler
 .text.UsageFault_Handler
                0x000000001ffe09fc        0xc build_mx8qx_b0/devices/MX8QX/system_MX8QX.o
                0x000000001ffe09fc                UsageFault_Handler
 .text.BusFault_Handler
                0x000000001ffe0a08        0x4 build_mx8qx_b0/devices/MX8QX/system_MX8QX.o
                0x000000001ffe0a08                BusFault_Handler
 .text.MemManage_Handler
                0x000000001ffe0a0c        0x4 build_mx8qx_b0/devices/MX8QX/system_MX8QX.o
                0x000000001ffe0a0c                MemManage_Handler
 .text.SystemInit
                0x000000001ffe0a10      0x414 build_mx8qx_b0/devices/MX8QX/system_MX8QX.o
                0x000000001ffe0a10                SystemInit
 .text.SystemPrepareLPM
                0x000000001ffe0e24       0xb4 build_mx8qx_b0/devices/MX8QX/system_MX8QX.o
                0x000000001ffe0e24                SystemPrepareLPM
 .text.SystemEnterLPM
                0x000000001ffe0ed8      0x248 build_mx8qx_b0/devices/MX8QX/system_MX8QX.o
                0x000000001ffe0ed8                SystemEnterLPM
 .text.SystemExit
                0x000000001ffe1120       0x18 build_mx8qx_b0/devices/MX8QX/system_MX8QX.o
                0x000000001ffe1120                SystemExit
 .text.SystemDebugHalt
                0x000000001ffe1138       0x2c build_mx8qx_b0/devices/MX8QX/system_MX8QX.o
                0x000000001ffe1138                SystemDebugHalt
 .text.SystemDebugResume
                0x000000001ffe1164       0x1c build_mx8qx_b0/devices/MX8QX/system_MX8QX.o
                0x000000001ffe1164                SystemDebugResume
 .text.SystemTimeDelay
                0x000000001ffe1180        0x4 build_mx8qx_b0/devices/MX8QX/system_MX8QX.o
                0x000000001ffe1180                SystemTimeDelay
 .text.ss_csreq_handler_debug
                0x000000001ffe1184        0x2 build_mx8qx_b0/devices/MX8QX/handlers_MX8QX.o
 *fill*         0x000000001ffe1186        0x2 
 .text.sc_handlers_init
                0x000000001ffe1188      0x118 build_mx8qx_b0/devices/MX8QX/handlers_MX8QX.o
                0x000000001ffe1188                sc_handlers_init
 .text.DefaultISR
                0x000000001ffe12a0       0x20 build_mx8qx_b0/devices/MX8QX/handlers_MX8QX.o
                0x000000001ffe12a0                DefaultISR
 .text.NMI_IRQHandler
                0x000000001ffe12c0       0xf4 build_mx8qx_b0/devices/MX8QX/handlers_MX8QX.o
                0x000000001ffe12c0                NMI_IRQHandler
 .text.MCM_IRQHandler
                0x000000001ffe13b4       0x14 build_mx8qx_b0/devices/MX8QX/handlers_MX8QX.o
                0x000000001ffe13b4                MCM_IRQHandler
 .text.DebugWake_IRQHandler
                0x000000001ffe13c8       0x58 build_mx8qx_b0/devices/MX8QX/handlers_MX8QX.o
                0x000000001ffe13c8                DebugWake_IRQHandler
 .text.SWI_IRQHandler
                0x000000001ffe1420       0x28 build_mx8qx_b0/devices/MX8QX/handlers_MX8QX.o
                0x000000001ffe1420                SWI_IRQHandler
 .text.LPIT_SCU_IRQHandler
                0x000000001ffe1448       0x4c build_mx8qx_b0/devices/MX8QX/handlers_MX8QX.o
                0x000000001ffe1448                LPIT_SCU_IRQHandler
 .text.DSC_SCU_IRQHandler
                0x000000001ffe1494       0x14 build_mx8qx_b0/devices/MX8QX/handlers_MX8QX.o
                0x000000001ffe1494                DSC_SCU_IRQHandler
 .text.DSC_LSIO_IRQHandler
                0x000000001ffe14a8       0x14 build_mx8qx_b0/devices/MX8QX/handlers_MX8QX.o
                0x000000001ffe14a8                DSC_LSIO_IRQHandler
 .text.DSC_CM4_0_IRQHandler
                0x000000001ffe14bc       0x14 build_mx8qx_b0/devices/MX8QX/handlers_MX8QX.o
                0x000000001ffe14bc                DSC_CM4_0_IRQHandler
 .text.DSC_CA35_IRQHandler
                0x000000001ffe14d0       0x14 build_mx8qx_b0/devices/MX8QX/handlers_MX8QX.o
                0x000000001ffe14d0                DSC_CA35_IRQHandler
 .text.DSC_DRC_0_IRQHandler
                0x000000001ffe14e4       0x14 build_mx8qx_b0/devices/MX8QX/handlers_MX8QX.o
                0x000000001ffe14e4                DSC_DRC_0_IRQHandler
 .text.DSC_GPU_0_IRQHandler
                0x000000001ffe14f8       0x14 build_mx8qx_b0/devices/MX8QX/handlers_MX8QX.o
                0x000000001ffe14f8                DSC_GPU_0_IRQHandler
 .text.DSC_VPU_IRQHandler
                0x000000001ffe150c       0x14 build_mx8qx_b0/devices/MX8QX/handlers_MX8QX.o
                0x000000001ffe150c                DSC_VPU_IRQHandler
 .text.DSC_ADMA_IRQHandler
                0x000000001ffe1520       0x14 build_mx8qx_b0/devices/MX8QX/handlers_MX8QX.o
                0x000000001ffe1520                DSC_ADMA_IRQHandler
 .text.IOMUX_CommonHandler
                0x000000001ffe1534       0x4c build_mx8qx_b0/devices/MX8QX/handlers_MX8QX.o
                0x000000001ffe1534                IOMUX_CommonHandler
 .text.IOMUX0_IRQHandler
                0x000000001ffe1580        0x8 build_mx8qx_b0/devices/MX8QX/handlers_MX8QX.o
                0x000000001ffe1580                IOMUX0_IRQHandler
 .text.IOMUX1_IRQHandler
                0x000000001ffe1588        0x8 build_mx8qx_b0/devices/MX8QX/handlers_MX8QX.o
                0x000000001ffe1588                IOMUX1_IRQHandler
 .text.IOMUX2_IRQHandler
                0x000000001ffe1590        0x8 build_mx8qx_b0/devices/MX8QX/handlers_MX8QX.o
                0x000000001ffe1590                IOMUX2_IRQHandler
 .text.IOMUX3_IRQHandler
                0x000000001ffe1598        0x8 build_mx8qx_b0/devices/MX8QX/handlers_MX8QX.o
                0x000000001ffe1598                IOMUX3_IRQHandler
 .text.IOMUX4_IRQHandler
                0x000000001ffe15a0        0x8 build_mx8qx_b0/devices/MX8QX/handlers_MX8QX.o
                0x000000001ffe15a0                IOMUX4_IRQHandler
 .text.IOMUX5_IRQHandler
                0x000000001ffe15a8        0x8 build_mx8qx_b0/devices/MX8QX/handlers_MX8QX.o
                0x000000001ffe15a8                IOMUX5_IRQHandler
 .text.IOMUX6_IRQHandler
                0x000000001ffe15b0        0x8 build_mx8qx_b0/devices/MX8QX/handlers_MX8QX.o
                0x000000001ffe15b0                IOMUX6_IRQHandler
 .text.IOMUX7_IRQHandler
                0x000000001ffe15b8        0x8 build_mx8qx_b0/devices/MX8QX/handlers_MX8QX.o
                0x000000001ffe15b8                IOMUX7_IRQHandler
 .text.IOMUX8_IRQHandler
                0x000000001ffe15c0        0x8 build_mx8qx_b0/devices/MX8QX/handlers_MX8QX.o
                0x000000001ffe15c0                IOMUX8_IRQHandler
 .text.IOMUX9_IRQHandler
                0x000000001ffe15c8        0x8 build_mx8qx_b0/devices/MX8QX/handlers_MX8QX.o
                0x000000001ffe15c8                IOMUX9_IRQHandler
 .text.IOMUX10_IRQHandler
                0x000000001ffe15d0        0x8 build_mx8qx_b0/devices/MX8QX/handlers_MX8QX.o
                0x000000001ffe15d0                IOMUX10_IRQHandler
 .text.IOMUX11_IRQHandler
                0x000000001ffe15d8        0x8 build_mx8qx_b0/devices/MX8QX/handlers_MX8QX.o
                0x000000001ffe15d8                IOMUX11_IRQHandler
 .text.IOMUX12_IRQHandler
                0x000000001ffe15e0        0x8 build_mx8qx_b0/devices/MX8QX/handlers_MX8QX.o
                0x000000001ffe15e0                IOMUX12_IRQHandler
 .text.power_up_cpus
                0x000000001ffe15e8       0x54 build_mx8qx_b0/main/main.o
 .text.start_cpus
                0x000000001ffe163c       0xcc build_mx8qx_b0/main/main.o
 .text.startup.main
                0x000000001ffe1708      0x344 build_mx8qx_b0/main/main.o
                0x000000001ffe1708                main
 .text.main_banners
                0x000000001ffe1a4c       0xac build_mx8qx_b0/main/main_common.o
                0x000000001ffe1a4c                main_banners
 .text.main_drv_test
                0x000000001ffe1af8       0x20 build_mx8qx_b0/main/main_common.o
                0x000000001ffe1af8                main_drv_test
 .text.main_init
                0x000000001ffe1b18      0x340 build_mx8qx_b0/main/main_common.o
                0x000000001ffe1b18                main_init
 .text.main_sc_test
                0x000000001ffe1e58       0x24 build_mx8qx_b0/main/main_common.o
                0x000000001ffe1e58                main_sc_test
 .text.main_config
                0x000000001ffe1e7c      0x284 build_mx8qx_b0/main/main_common.o
                0x000000001ffe1e7c                main_config
 .text.main_ddr
                0x000000001ffe2100       0x1e build_mx8qx_b0/main/main_common.o
                0x000000001ffe2100                main_ddr
 .text.main_dcd
                0x000000001ffe211e       0x14 build_mx8qx_b0/main/main_common.o
                0x000000001ffe211e                main_dcd
 .text.main_prep_cpu
                0x000000001ffe2132       0x62 build_mx8qx_b0/main/main_common.o
                0x000000001ffe2132                main_prep_cpu
 .text.main_dump
                0x000000001ffe2194        0x2 build_mx8qx_b0/main/main_common.o
                0x000000001ffe2194                main_dump
 *fill*         0x000000001ffe2196        0x2 
 .text.main_config_debug_uart
                0x000000001ffe2198       0x54 build_mx8qx_b0/main/main_common.o
                0x000000001ffe2198                main_config_debug_uart
 .text.main_pll_debug
                0x000000001ffe21ec       0xd8 build_mx8qx_b0/main/main_common.o
                0x000000001ffe21ec                main_pll_debug
 .text.main_exit
                0x000000001ffe22c4        0x6 build_mx8qx_b0/main/main_common.o
                0x000000001ffe22c4                main_exit
 *fill*         0x000000001ffe22ca        0x2 
 .text.boot_init
                0x000000001ffe22cc       0x8c build_mx8qx_b0/main/boot.o
                0x000000001ffe22cc                boot_init
 .text.boot_get_data
                0x000000001ffe2358       0xc0 build_mx8qx_b0/main/boot.o
                0x000000001ffe2358                boot_get_data
 .text.boot_get_img_num
                0x000000001ffe2418        0xc build_mx8qx_b0/main/boot.o
                0x000000001ffe2418                boot_get_img_num
 .text.boot_get_img_start_addr
                0x000000001ffe2424       0x24 build_mx8qx_b0/main/boot.o
                0x000000001ffe2424                boot_get_img_start_addr
 .text.boot_get_bring_up
                0x000000001ffe2448       0x28 build_mx8qx_b0/main/boot.o
                0x000000001ffe2448                boot_get_bring_up
 .text.boot_get_boot_dev
                0x000000001ffe2470       0x20 build_mx8qx_b0/main/boot.o
                0x000000001ffe2470                boot_get_boot_dev
 .text.soc_boot_dev
                0x000000001ffe2490       0xac build_mx8qx_b0/main/boot.o
                0x000000001ffe2490                soc_boot_dev
 .text.boot_get_img_n
                0x000000001ffe253c      0x1c4 build_mx8qx_b0/main/boot.o
                0x000000001ffe253c                boot_get_img_n
 .text.boot_get_img_1
                0x000000001ffe2700       0x14 build_mx8qx_b0/main/boot.o
                0x000000001ffe2700                boot_get_img_1
 .text.cprintf  0x000000001ffe2714       0x40 build_mx8qx_b0/main/debug.o
                0x000000001ffe2714                cprintf
 .text.sc_rpc_dispatch
                0x000000001ffe2754       0xcc build_mx8qx_b0/main/rpc.o
                0x000000001ffe2754                sc_rpc_dispatch
 .text.sc_ipc_async_next
                0x000000001ffe2820       0x54 build_mx8qx_b0/main/ipc_srv.o
 .text.sc_ipc_pending
                0x000000001ffe2874       0x18 build_mx8qx_b0/main/ipc_srv.o
                0x000000001ffe2874                sc_ipc_pending
 .text.sc_ipc_read_async
                0x000000001ffe288c       0x68 build_mx8qx_b0/main/ipc_srv.o
                0x000000001ffe288c                sc_ipc_read_async
 .text.sc_ipc_write_async
                0x000000001ffe28f4       0x9c build_mx8qx_b0/main/ipc_srv.o
                0x000000001ffe28f4                sc_ipc_write_async
 .text.sc_ipc_handler
                0x000000001ffe2990       0x60 build_mx8qx_b0/main/ipc_srv.o
                0x000000001ffe2990                sc_ipc_handler
 .text.clear_buf
                0x000000001ffe29f0       0x1a build_mx8qx_b0/main/monitor.o
 .text.remove_char
                0x000000001ffe2a0a        0xe build_mx8qx_b0/main/monitor.o
 .text.restore_cursor_pos
                0x000000001ffe2a18       0x1c build_mx8qx_b0/main/monitor.o
 .text.findn    0x000000001ffe2a34       0x32 build_mx8qx_b0/main/monitor.o
 *fill*         0x000000001ffe2a66        0x2 
 .text.cmd_md   0x000000001ffe2a68      0x120 build_mx8qx_b0/main/monitor.o
 .text.find     0x000000001ffe2b88       0x24 build_mx8qx_b0/main/monitor.o
 .text.mon_cpend
                0x000000001ffe2bac       0x22 build_mx8qx_b0/main/monitor.o
 *fill*         0x000000001ffe2bce        0x2 
 .text.mon_getc.constprop.11
                0x000000001ffe2bd0       0x6c build_mx8qx_b0/main/monitor.o
 .text.monitor  0x000000001ffe2c3c      0xe44 build_mx8qx_b0/main/monitor.o
                0x000000001ffe2c3c                monitor
 .text._init    0x000000001ffe3a80        0x2 build_mx8qx_b0/utilities/newlib_stubs.o
                0x000000001ffe3a80                _init
 .text._fini    0x000000001ffe3a82        0x2 build_mx8qx_b0/utilities/newlib_stubs.o
                0x000000001ffe3a82                _fini
 .text.term_emul_getc
                0x000000001ffe3a84       0x24 build_mx8qx_b0/utilities/newlib_stubs.o
                0x000000001ffe3a84                term_emul_getc
 .text.term_emul_putc
                0x000000001ffe3aa8       0x20 build_mx8qx_b0/utilities/newlib_stubs.o
                0x000000001ffe3aa8                term_emul_putc
 .text._read    0x000000001ffe3ac8       0x7c build_mx8qx_b0/utilities/newlib_stubs.o
                0x000000001ffe3ac8                _read
 .text._write   0x000000001ffe3b44       0x9c build_mx8qx_b0/utilities/newlib_stubs.o
                0x000000001ffe3b44                _write
 .text._exit    0x000000001ffe3be0       0x18 build_mx8qx_b0/utilities/newlib_stubs.o
                0x000000001ffe3be0                _exit
 .text._getpid  0x000000001ffe3bf8        0x4 build_mx8qx_b0/utilities/newlib_stubs.o
                0x000000001ffe3bf8                _getpid
 .text._kill    0x000000001ffe3bfc       0x10 build_mx8qx_b0/utilities/newlib_stubs.o
                0x000000001ffe3bfc                _kill
 .text._sbrk    0x000000001ffe3c0c       0x48 build_mx8qx_b0/utilities/newlib_stubs.o
                0x000000001ffe3c0c                _sbrk
 .text._close   0x000000001ffe3c54        0x6 build_mx8qx_b0/utilities/newlib_stubs.o
                0x000000001ffe3c54                _close
 .text._lseek   0x000000001ffe3c5a        0x4 build_mx8qx_b0/utilities/newlib_stubs.o
                0x000000001ffe3c5a                _lseek
 *fill*         0x000000001ffe3c5e        0x2 
 .text._isatty  0x000000001ffe3c60       0x18 build_mx8qx_b0/utilities/newlib_stubs.o
                0x000000001ffe3c60                _isatty
 .text._fstat   0x000000001ffe3c78        0xa build_mx8qx_b0/utilities/newlib_stubs.o
                0x000000001ffe3c78                _fstat
 .text.soc_config_sc
                0x000000001ffe3c82       0x78 build_mx8qx_b0/soc/MX8QX/soc.o
                0x000000001ffe3c82                soc_config_sc
 .text.soc_config_seco
                0x000000001ffe3cfa       0x8a build_mx8qx_b0/soc/MX8QX/soc.o
                0x000000001ffe3cfa                soc_config_seco
 .text.soc_rsrc_avail
                0x000000001ffe3d84      0x210 build_mx8qx_b0/soc/MX8QX/soc.o
                0x000000001ffe3d84                soc_rsrc_avail
 .text.soc_get_max_gpu_freq
                0x000000001ffe3f94        0xc build_mx8qx_b0/soc/MX8QX/soc.o
                0x000000001ffe3f94                soc_get_max_gpu_freq
 .text.soc_gpu_freq_hw_limited
                0x000000001ffe3fa0       0x1c build_mx8qx_b0/soc/MX8QX/soc.o
                0x000000001ffe3fa0                soc_gpu_freq_hw_limited
 .text.soc_get_clock_div
                0x000000001ffe3fbc       0x18 build_mx8qx_b0/soc/MX8QX/soc.o
                0x000000001ffe3fbc                soc_get_clock_div
 .text.soc_dsc_powerdown_anamix
                0x000000001ffe3fd4      0x120 build_mx8qx_b0/soc/MX8QX/soc.o
                0x000000001ffe3fd4                soc_dsc_powerdown_anamix
 .text.soc_dsc_powerdown_phymix
                0x000000001ffe40f4       0xa0 build_mx8qx_b0/soc/MX8QX/soc.o
                0x000000001ffe40f4                soc_dsc_powerdown_phymix
 .text.soc_dsc_powerup_anamix
                0x000000001ffe4194      0x1bc build_mx8qx_b0/soc/MX8QX/soc.o
                0x000000001ffe4194                soc_dsc_powerup_anamix
 .text.soc_dsc_powerup_phymix
                0x000000001ffe4350       0xf0 build_mx8qx_b0/soc/MX8QX/soc.o
                0x000000001ffe4350                soc_dsc_powerup_phymix
 .text.soc_setup_anamix.part.3
                0x000000001ffe4440       0x48 build_mx8qx_b0/soc/MX8QX/soc.o
 .text.soc_setup_anamix
                0x000000001ffe4488       0x4c build_mx8qx_b0/soc/MX8QX/soc.o
                0x000000001ffe4488                soc_setup_anamix
 .text.soc_init
                0x000000001ffe44d4      0x3e0 build_mx8qx_b0/soc/MX8QX/soc.o
                0x000000001ffe44d4                soc_init
 .text.soc_get_temp_trim
                0x000000001ffe48b4       0x34 build_mx8qx_b0/soc/MX8QX/soc.o
                0x000000001ffe48b4                soc_get_temp_trim
 .text.soc_mem_type
                0x000000001ffe48e8        0x4 build_mx8qx_b0/soc/MX8QX/soc.o
                0x000000001ffe48e8                soc_mem_type
 .text.soc_mem_pwr_plane
                0x000000001ffe48ec       0x7a build_mx8qx_b0/soc/MX8QX/soc.o
                0x000000001ffe48ec                soc_mem_pwr_plane
 .text.soc_pd_switchable
                0x000000001ffe4966       0x30 build_mx8qx_b0/soc/MX8QX/soc.o
                0x000000001ffe4966                soc_pd_switchable
 *fill*         0x000000001ffe4996        0x2 
 .text.soc_pd_retention
                0x000000001ffe4998       0x20 build_mx8qx_b0/soc/MX8QX/soc.o
                0x000000001ffe4998                soc_pd_retention
 .text.soc_dsc_clock_info
                0x000000001ffe49b8        0xc build_mx8qx_b0/soc/MX8QX/soc.o
                0x000000001ffe49b8                soc_dsc_clock_info
 .text.soc_slice_is_dsc
                0x000000001ffe49c4       0x10 build_mx8qx_b0/soc/MX8QX/soc.o
                0x000000001ffe49c4                soc_slice_is_dsc
 .text.soc_db_stc_config
                0x000000001ffe49d4      0x134 build_mx8qx_b0/soc/MX8QX/soc.o
                0x000000001ffe49d4                soc_db_stc_config
 .text.soc_trans_bandgap
                0x000000001ffe4b08       0x44 build_mx8qx_b0/soc/MX8QX/soc.o
                0x000000001ffe4b08                soc_trans_bandgap
 .text.soc_get_dc_avpll_info
                0x000000001ffe4b4c       0x16 build_mx8qx_b0/soc/MX8QX/soc.o
                0x000000001ffe4b4c                soc_get_dc_avpll_info
 .text.soc_init_avpll_dc
                0x000000001ffe4b62        0x2 build_mx8qx_b0/soc/MX8QX/soc.o
                0x000000001ffe4b62                soc_init_avpll_dc
 .text.soc_get_freq
                0x000000001ffe4b64       0x68 build_mx8qx_b0/soc/MX8QX/soc.o
                0x000000001ffe4b64                soc_get_freq
 .text.soc_set_freq_voltage
                0x000000001ffe4bcc       0x78 build_mx8qx_b0/soc/MX8QX/soc.o
                0x000000001ffe4bcc                soc_set_freq_voltage
 .text.soc_trans_pd
                0x000000001ffe4c44       0x30 build_mx8qx_b0/soc/MX8QX/soc.o
                0x000000001ffe4c44                soc_trans_pd
 .text.soc_set_fbb
                0x000000001ffe4c74        0x2 build_mx8qx_b0/soc/MX8QX/soc.o
                0x000000001ffe4c74                soc_set_fbb
 *fill*         0x000000001ffe4c76        0x2 
 .text.soc_perform_dco_trim
                0x000000001ffe4c78       0x50 build_mx8qx_b0/soc/MX8QX/soc.o
                0x000000001ffe4c78                soc_perform_dco_trim
 .text.soc_get_sys_if_power_mode
                0x000000001ffe4cc8       0x50 build_mx8qx_b0/soc/MX8QX/soc.o
                0x000000001ffe4cc8                soc_get_sys_if_power_mode
 .text.self_refresh_power_down_clk_disable_entry
                0x000000001ffe4d18       0xe4 build_mx8qx_b0/soc/MX8QX/soc.o
                0x000000001ffe4d18                self_refresh_power_down_clk_disable_entry
 .text.self_refresh_power_down_clk_disable_exit
                0x000000001ffe4dfc       0xb4 build_mx8qx_b0/soc/MX8QX/soc.o
                0x000000001ffe4dfc                self_refresh_power_down_clk_disable_exit
 .text.soc_drc_lpcg_setup
                0x000000001ffe4eb0       0x20 build_mx8qx_b0/soc/MX8QX/soc.o
                0x000000001ffe4eb0                soc_drc_lpcg_setup
 .text.soc_init_ddr
                0x000000001ffe4ed0       0x60 build_mx8qx_b0/soc/MX8QX/soc.o
                0x000000001ffe4ed0                soc_init_ddr
 .text.soc_get_temp_ofs
                0x000000001ffe4f30       0x2c build_mx8qx_b0/soc/MX8QX/soc.o
                0x000000001ffe4f30                soc_get_temp_ofs
 .text.soc_dpll_dco_pc
                0x000000001ffe4f5c       0x5c build_mx8qx_b0/soc/MX8QX/soc.o
                0x000000001ffe4f5c                soc_dpll_dco_pc
 .text.soc_get_hmp_sys_if_hpm_req
                0x000000001ffe4fb8       0x4c build_mx8qx_b0/soc/common/soc_common.o
 .text.soc_can_hmp_enter_lpm
                0x000000001ffe5004       0x44 build_mx8qx_b0/soc/common/soc_common.o
 .text.soc_set_sys_if_rsrc_power_mode
                0x000000001ffe5048       0x8c build_mx8qx_b0/soc/common/soc_common.o
 .text.soc_trans_m4_sleep_mode
                0x000000001ffe50d4       0x80 build_mx8qx_b0/soc/common/soc_common.o
 .text.soc_set_cpu_resume
                0x000000001ffe5154       0x40 build_mx8qx_b0/soc/common/soc_common.o
                0x000000001ffe5154                soc_set_cpu_resume
 .text.soc_set_m4_resume
                0x000000001ffe5194       0x18 build_mx8qx_b0/soc/common/soc_common.o
                0x000000001ffe5194                soc_set_m4_resume
 .text.soc_set_cluster_power_mode
                0x000000001ffe51ac       0x10 build_mx8qx_b0/soc/common/soc_common.o
                0x000000001ffe51ac                soc_set_cluster_power_mode
 .text.soc_set_cpu_power_mode
                0x000000001ffe51bc       0x20 build_mx8qx_b0/soc/common/soc_common.o
                0x000000001ffe51bc                soc_set_cpu_power_mode
 .text.soc_set_m4_sleep_mode
                0x000000001ffe51dc       0x18 build_mx8qx_b0/soc/common/soc_common.o
                0x000000001ffe51dc                soc_set_m4_sleep_mode
 .text.soc_wake_lsio_mu
                0x000000001ffe51f4       0x2c build_mx8qx_b0/soc/common/soc_common.o
                0x000000001ffe51f4                soc_wake_lsio_mu
 .text.soc_wake_m4_mu
                0x000000001ffe5220       0x18 build_mx8qx_b0/soc/common/soc_common.o
                0x000000001ffe5220                soc_wake_m4_mu
 .text.soc_wake_sys_if_interconnect
                0x000000001ffe5238       0x30 build_mx8qx_b0/soc/common/soc_common.o
                0x000000001ffe5238                soc_wake_sys_if_interconnect
 .text.soc_get_hmp_sys_power_mode
                0x000000001ffe5268       0x34 build_mx8qx_b0/soc/common/soc_common.o
                0x000000001ffe5268                soc_get_hmp_sys_power_mode
 .text.soc_reset_reason
                0x000000001ffe529c       0x5c build_mx8qx_b0/soc/common/soc_common.o
                0x000000001ffe529c                soc_reset_reason
 .text.temp_sensor_tick
                0x000000001ffe52f8       0x70 build_mx8qx_b0/soc/common/soc_common.o
                0x000000001ffe52f8                temp_sensor_tick
 .text.soc_ddr_config_retention
                0x000000001ffe5368        0xc build_mx8qx_b0/soc/common/soc_common.o
                0x000000001ffe5368                soc_ddr_config_retention
 .text.soc_ddr_enter_retention
                0x000000001ffe5374       0x60 build_mx8qx_b0/soc/common/soc_common.o
                0x000000001ffe5374                soc_ddr_enter_retention
 .text.soc_ddr_exit_retention
                0x000000001ffe53d4       0x50 build_mx8qx_b0/soc/common/soc_common.o
                0x000000001ffe53d4                soc_ddr_exit_retention
 .text.soc_set_sys_if_power_mode
                0x000000001ffe5424       0xb0 build_mx8qx_b0/soc/common/soc_common.o
 .text.soc_trans_sys_if_hpm
                0x000000001ffe54d4       0x58 build_mx8qx_b0/soc/common/soc_common.o
                0x000000001ffe54d4                soc_trans_sys_if_hpm
 .text.soc_trans_sys_if_lpm
                0x000000001ffe552c       0x58 build_mx8qx_b0/soc/common/soc_common.o
                0x000000001ffe552c                soc_trans_sys_if_lpm
 .text.soc_trans_m4_power_mode
                0x000000001ffe5584       0x64 build_mx8qx_b0/soc/common/soc_common.o
                0x000000001ffe5584                soc_trans_m4_power_mode
 .text.soc_wake_m4
                0x000000001ffe55e8       0x28 build_mx8qx_b0/soc/common/soc_common.o
                0x000000001ffe55e8                soc_wake_m4
 .text.soc_sync_sys_if_pm
                0x000000001ffe5610       0x54 build_mx8qx_b0/soc/common/soc_common.o
                0x000000001ffe5610                soc_sync_sys_if_pm
 .text.soc_req_sys_if_power_mode
                0x000000001ffe5664       0x30 build_mx8qx_b0/soc/common/soc_common.o
                0x000000001ffe5664                soc_req_sys_if_power_mode
 .text.soc_trans_cpu_power_mode
                0x000000001ffe5694      0x198 build_mx8qx_b0/soc/common/soc_common.o
                0x000000001ffe5694                soc_trans_cpu_power_mode
 .text.soc_wake_cpu
                0x000000001ffe582c       0x38 build_mx8qx_b0/soc/common/soc_common.o
                0x000000001ffe582c                soc_wake_cpu
 .text.soc_prewake_cpu
                0x000000001ffe5864       0x64 build_mx8qx_b0/soc/common/soc_common.o
                0x000000001ffe5864                soc_prewake_cpu
 .text.soc_rompatch_checksum
                0x000000001ffe58c8       0x48 build_mx8qx_b0/soc/common/soc_common.o
                0x000000001ffe58c8                soc_rompatch_checksum
 .text.dpll_populate_tbl
                0x000000001ffe5910      0x140 build_mx8qx_b0/soc/common/soc_common.o
                0x000000001ffe5910                dpll_populate_tbl
 .text.ANA_Temp2Val
                0x000000001ffe5a50       0x50 build_mx8qx_b0/drivers/analog/fsl_analog.o
                0x000000001ffe5a50                ANA_Temp2Val
 .text.ANA_Val2Temp
                0x000000001ffe5aa0       0x3a build_mx8qx_b0/drivers/analog/fsl_analog.o
                0x000000001ffe5aa0                ANA_Val2Temp
 *fill*         0x000000001ffe5ada        0x2 
 .text.ANA_XtalOsc24Init
                0x000000001ffe5adc       0x14 build_mx8qx_b0/drivers/analog/fsl_analog.o
                0x000000001ffe5adc                ANA_XtalOsc24Init
 .text.ANA_DiffClkRootInit
                0x000000001ffe5af0       0x14 build_mx8qx_b0/drivers/analog/fsl_analog.o
                0x000000001ffe5af0                ANA_DiffClkRootInit
 .text.ANA_DiffClkRptrInit
                0x000000001ffe5b04       0x20 build_mx8qx_b0/drivers/analog/fsl_analog.o
                0x000000001ffe5b04                ANA_DiffClkRptrInit
 .text.ANA_DiffClkTermInit
                0x000000001ffe5b24       0x1c build_mx8qx_b0/drivers/analog/fsl_analog.o
                0x000000001ffe5b24                ANA_DiffClkTermInit
 .text.ANA_XtalOsc24Setup
                0x000000001ffe5b40       0x78 build_mx8qx_b0/drivers/analog/fsl_analog.o
                0x000000001ffe5b40                ANA_XtalOsc24Setup
 .text.ANA_DiffClkRootSetup
                0x000000001ffe5bb8       0xa4 build_mx8qx_b0/drivers/analog/fsl_analog.o
                0x000000001ffe5bb8                ANA_DiffClkRootSetup
 .text.ANA_DiffClkRptrSetup
                0x000000001ffe5c5c       0x78 build_mx8qx_b0/drivers/analog/fsl_analog.o
                0x000000001ffe5c5c                ANA_DiffClkRptrSetup
 .text.ANA_DiffClkTermSetup
                0x000000001ffe5cd4       0x54 build_mx8qx_b0/drivers/analog/fsl_analog.o
                0x000000001ffe5cd4                ANA_DiffClkTermSetup
 .text.RefgenSetup
                0x000000001ffe5d28       0x3c build_mx8qx_b0/drivers/analog/fsl_analog_refgen.o
                0x000000001ffe5d28                RefgenSetup
 .text.RefgenEnabled
                0x000000001ffe5d64       0x1a build_mx8qx_b0/drivers/analog/fsl_analog_refgen.o
                0x000000001ffe5d64                RefgenEnabled
 .text.RefgenTrimmed
                0x000000001ffe5d7e       0x1e build_mx8qx_b0/drivers/analog/fsl_analog_refgen.o
                0x000000001ffe5d7e                RefgenTrimmed
 .text.RefgenSetEn
                0x000000001ffe5d9c       0x10 build_mx8qx_b0/drivers/analog/fsl_analog_refgen.o
                0x000000001ffe5d9c                RefgenSetEn
 .text.BandgapSetEn
                0x000000001ffe5dac       0x42 build_mx8qx_b0/drivers/analog/fsl_analog_refgen.o
                0x000000001ffe5dac                BandgapSetEn
 .text.BandgapSetTrim
                0x000000001ffe5dee       0x3a build_mx8qx_b0/drivers/analog/fsl_analog_refgen.o
                0x000000001ffe5dee                BandgapSetTrim
 .text.BandgapSelfBiasOff
                0x000000001ffe5e28        0x8 build_mx8qx_b0/drivers/analog/fsl_analog_refgen.o
                0x000000001ffe5e28                BandgapSelfBiasOff
 .text.CSR_SetCSR
                0x000000001ffe5e30       0x1e build_mx8qx_b0/drivers/csr/fsl_csr.o
                0x000000001ffe5e30                CSR_SetCSR
 .text.CSR_SetCSR2
                0x000000001ffe5e4e       0x1e build_mx8qx_b0/drivers/csr/fsl_csr.o
                0x000000001ffe5e4e                CSR_SetCSR2
 .text.CSR_SetCSR3
                0x000000001ffe5e6c       0x1e build_mx8qx_b0/drivers/csr/fsl_csr.o
                0x000000001ffe5e6c                CSR_SetCSR3
 .text.CSR_GetCSR
                0x000000001ffe5e8a       0x10 build_mx8qx_b0/drivers/csr/fsl_csr.o
                0x000000001ffe5e8a                CSR_GetCSR
 .text.CSR_GetCSR2
                0x000000001ffe5e9a       0x10 build_mx8qx_b0/drivers/csr/fsl_csr.o
                0x000000001ffe5e9a                CSR_GetCSR2
 .text.CSR_GetCSR3
                0x000000001ffe5eaa       0x10 build_mx8qx_b0/drivers/csr/fsl_csr.o
                0x000000001ffe5eaa                CSR_GetCSR3
 .text.DSC_Init
                0x000000001ffe5eba        0x2 build_mx8qx_b0/drivers/dsc/fsl_dsc.o
                0x000000001ffe5eba                DSC_Init
 .text.DSC_PllEnable
                0x000000001ffe5ebc        0x4 build_mx8qx_b0/drivers/dsc/fsl_dsc.o
                0x000000001ffe5ebc                DSC_PllEnable
 .text.DSC_PllDisable
                0x000000001ffe5ec0        0x4 build_mx8qx_b0/drivers/dsc/fsl_dsc.o
                0x000000001ffe5ec0                DSC_PllDisable
 .text.DSC_PllSetRate
                0x000000001ffe5ec4       0x10 build_mx8qx_b0/drivers/dsc/fsl_dsc.o
                0x000000001ffe5ec4                DSC_PllSetRate
 .text.DSC_PllGetRate
                0x000000001ffe5ed4        0x4 build_mx8qx_b0/drivers/dsc/fsl_dsc.o
                0x000000001ffe5ed4                DSC_PllGetRate
 .text.DSC_ClkGetRateDiv
                0x000000001ffe5ed8       0x6a build_mx8qx_b0/drivers/dsc/fsl_dsc.o
                0x000000001ffe5ed8                DSC_ClkGetRateDiv
 *fill*         0x000000001ffe5f42        0x2 
 .text.DSC_ClkSetRate
                0x000000001ffe5f44       0xd4 build_mx8qx_b0/drivers/dsc/fsl_dsc.o
                0x000000001ffe5f44                DSC_ClkSetRate
 .text.DSC_MSliceGetDiv
                0x000000001ffe6018       0x2c build_mx8qx_b0/drivers/dsc/fsl_dsc.o
                0x000000001ffe6018                DSC_MSliceGetDiv
 .text.DSC_MSliceSetDiv
                0x000000001ffe6044       0x3e build_mx8qx_b0/drivers/dsc/fsl_dsc.o
                0x000000001ffe6044                DSC_MSliceSetDiv
 .text.DSC_ClkGetParent
                0x000000001ffe6082       0x3c build_mx8qx_b0/drivers/dsc/fsl_dsc.o
                0x000000001ffe6082                DSC_ClkGetParent
 .text.DSC_ClkSetParent
                0x000000001ffe60be       0x4a build_mx8qx_b0/drivers/dsc/fsl_dsc.o
                0x000000001ffe60be                DSC_ClkSetParent
 .text.DSC_SliceReset
                0x000000001ffe6108       0xa2 build_mx8qx_b0/drivers/dsc/fsl_dsc.o
                0x000000001ffe6108                DSC_SliceReset
 *fill*         0x000000001ffe61aa        0x2 
 .text.DSC_Reset
                0x000000001ffe61ac      0x100 build_mx8qx_b0/drivers/dsc/fsl_dsc.o
                0x000000001ffe61ac                DSC_Reset
 .text.DSC_PdEnabled
                0x000000001ffe62ac       0x28 build_mx8qx_b0/drivers/dsc/fsl_dsc.o
                0x000000001ffe62ac                DSC_PdEnabled
 .text.DSC_PdEnable
                0x000000001ffe62d4       0xee build_mx8qx_b0/drivers/dsc/fsl_dsc.o
                0x000000001ffe62d4                DSC_PdEnable
 *fill*         0x000000001ffe63c2        0x2 
 .text.DSC_PdDisable
                0x000000001ffe63c4      0x100 build_mx8qx_b0/drivers/dsc/fsl_dsc.o
                0x000000001ffe63c4                DSC_PdDisable
 .text.DSC_IsolationDisable
                0x000000001ffe64c4       0x38 build_mx8qx_b0/drivers/dsc/fsl_dsc.o
                0x000000001ffe64c4                DSC_IsolationDisable
 .text.DSC_SetReset
                0x000000001ffe64fc       0x10 build_mx8qx_b0/drivers/dsc/fsl_dsc.o
                0x000000001ffe64fc                DSC_SetReset
 .text.DSC_GetReset
                0x000000001ffe650c        0xa build_mx8qx_b0/drivers/dsc/fsl_dsc.o
                0x000000001ffe650c                DSC_GetReset
 .text.DSC_SetGPRControl
                0x000000001ffe6516       0x1c build_mx8qx_b0/drivers/dsc/fsl_dsc.o
                0x000000001ffe6516                DSC_SetGPRControl
 .text.DSC_SetClockMode
                0x000000001ffe6532       0xa4 build_mx8qx_b0/drivers/dsc/fsl_dsc.o
                0x000000001ffe6532                DSC_SetClockMode
 .text.DSC_GetGPRControl
                0x000000001ffe65d6        0xe build_mx8qx_b0/drivers/dsc/fsl_dsc.o
                0x000000001ffe65d6                DSC_GetGPRControl
 .text.DSC_GetGPRStatus
                0x000000001ffe65e4        0xe build_mx8qx_b0/drivers/dsc/fsl_dsc.o
                0x000000001ffe65e4                DSC_GetGPRStatus
 .text.DSC_WaitGPRStatus
                0x000000001ffe65f2       0x16 build_mx8qx_b0/drivers/dsc/fsl_dsc.o
                0x000000001ffe65f2                DSC_WaitGPRStatus
 .text.DSC_EnableIrq
                0x000000001ffe6608       0x28 build_mx8qx_b0/drivers/dsc/fsl_dsc.o
                0x000000001ffe6608                DSC_EnableIrq
 .text.DSC_GetIrqPending
                0x000000001ffe6630       0x1c build_mx8qx_b0/drivers/dsc/fsl_dsc.o
                0x000000001ffe6630                DSC_GetIrqPending
 .text.DSC_GetIrqStatus
                0x000000001ffe664c       0x1c build_mx8qx_b0/drivers/dsc/fsl_dsc.o
                0x000000001ffe664c                DSC_GetIrqStatus
 .text.DSC_FuncClkToggle
                0x000000001ffe6668       0x42 build_mx8qx_b0/drivers/dsc/fsl_dsc.o
                0x000000001ffe6668                DSC_FuncClkToggle
 .text.DSC_Dump
                0x000000001ffe66aa        0x2 build_mx8qx_b0/drivers/dsc/fsl_dsc.o
                0x000000001ffe66aa                DSC_Dump
 .text.calc_best_pll_rate
                0x000000001ffe66ac       0xbc build_mx8qx_b0/drivers/dsc/fsl_dsc_ai.o
 .text.DSC_EnableAnamixAI
                0x000000001ffe6768       0x18 build_mx8qx_b0/drivers/dsc/fsl_dsc_ai.o
                0x000000001ffe6768                DSC_EnableAnamixAI
 .text.DSC_DisableAnamixAI
                0x000000001ffe6780       0x1c build_mx8qx_b0/drivers/dsc/fsl_dsc_ai.o
                0x000000001ffe6780                DSC_DisableAnamixAI
 .text.DSC_EnablePhymixAI
                0x000000001ffe679c       0x1a build_mx8qx_b0/drivers/dsc/fsl_dsc_ai.o
                0x000000001ffe679c                DSC_EnablePhymixAI
 .text.DSC_AIRegisterWrite
                0x000000001ffe67b6       0x3c build_mx8qx_b0/drivers/dsc/fsl_dsc_ai.o
                0x000000001ffe67b6                DSC_AIRegisterWrite
 .text.DSC_AIRegisterRead
                0x000000001ffe67f2       0x52 build_mx8qx_b0/drivers/dsc/fsl_dsc_ai.o
                0x000000001ffe67f2                DSC_AIRegisterRead
 .text.DSC_AIPllEnable
                0x000000001ffe6844      0x2f8 build_mx8qx_b0/drivers/dsc/fsl_dsc_ai.o
                0x000000001ffe6844                DSC_AIPllEnable
 .text.DSC_AIPllDisable
                0x000000001ffe6b3c       0xbe build_mx8qx_b0/drivers/dsc/fsl_dsc_ai.o
                0x000000001ffe6b3c                DSC_AIPllDisable
 *fill*         0x000000001ffe6bfa        0x6 
 .text.DSC_AIPllSetRate
                0x000000001ffe6c00      0x3d0 build_mx8qx_b0/drivers/dsc/fsl_dsc_ai.o
                0x000000001ffe6c00                DSC_AIPllSetRate
 .text.DSC_AIPllGetRate
                0x000000001ffe6fd0       0xe4 build_mx8qx_b0/drivers/dsc/fsl_dsc_ai.o
                0x000000001ffe6fd0                DSC_AIPllGetRate
 .text.DSC_CalcBestPllFreqParent
                0x000000001ffe70b4       0x64 build_mx8qx_b0/drivers/dsc/fsl_dsc_ai.o
                0x000000001ffe70b4                DSC_CalcBestPllFreqParent
 .text.DSC_AIPowerTemp
                0x000000001ffe7118       0xd4 build_mx8qx_b0/drivers/dsc/fsl_dsc_ai.o
                0x000000001ffe7118                DSC_AIPowerTemp
 .text.DSC_AITriggerTemp
                0x000000001ffe71ec       0x36 build_mx8qx_b0/drivers/dsc/fsl_dsc_ai.o
                0x000000001ffe71ec                DSC_AITriggerTemp
 .text.DSC_AISetTemp
                0x000000001ffe7222      0x118 build_mx8qx_b0/drivers/dsc/fsl_dsc_ai.o
                0x000000001ffe7222                DSC_AISetTemp
 .text.DSC_AIGetTemp
                0x000000001ffe733a       0x56 build_mx8qx_b0/drivers/dsc/fsl_dsc_ai.o
                0x000000001ffe733a                DSC_AIGetTemp
 .text.DSC_AIClearTemp
                0x000000001ffe7390       0x94 build_mx8qx_b0/drivers/dsc/fsl_dsc_ai.o
                0x000000001ffe7390                DSC_AIClearTemp
 .text.PAD_ExtractMux
                0x000000001ffe7424        0x6 build_mx8qx_b0/drivers/pad/fsl_pad.o
                0x000000001ffe7424                PAD_ExtractMux
 .text.PAD_Set  0x000000001ffe742a        0xc build_mx8qx_b0/drivers/pad/fsl_pad.o
                0x000000001ffe742a                PAD_Set
 .text.PAD_Get  0x000000001ffe7436        0xe build_mx8qx_b0/drivers/pad/fsl_pad.o
                0x000000001ffe7436                PAD_Get
 .text.PAD_SetMux
                0x000000001ffe7444       0x1e build_mx8qx_b0/drivers/pad/fsl_pad.o
                0x000000001ffe7444                PAD_SetMux
 .text.PAD_GetMux
                0x000000001ffe7462       0x20 build_mx8qx_b0/drivers/pad/fsl_pad.o
                0x000000001ffe7462                PAD_GetMux
 .text.PAD_SetGP
                0x000000001ffe7482       0x14 build_mx8qx_b0/drivers/pad/fsl_pad.o
                0x000000001ffe7482                PAD_SetGP
 .text.PAD_GetGP
                0x000000001ffe7496       0x12 build_mx8qx_b0/drivers/pad/fsl_pad.o
                0x000000001ffe7496                PAD_GetGP
 .text.PAD_SetGP28Fdsoi
                0x000000001ffe74a8       0x1a build_mx8qx_b0/drivers/pad/fsl_pad.o
                0x000000001ffe74a8                PAD_SetGP28Fdsoi
 .text.PAD_GetGP28Fdsoi
                0x000000001ffe74c2       0x1a build_mx8qx_b0/drivers/pad/fsl_pad.o
                0x000000001ffe74c2                PAD_GetGP28Fdsoi
 .text.PAD_SetGP28FdsoiHsic
                0x000000001ffe74dc       0x30 build_mx8qx_b0/drivers/pad/fsl_pad.o
                0x000000001ffe74dc                PAD_SetGP28FdsoiHsic
 .text.PAD_GetGP28FdsoiHsic
                0x000000001ffe750c       0x32 build_mx8qx_b0/drivers/pad/fsl_pad.o
                0x000000001ffe750c                PAD_GetGP28FdsoiHsic
 .text.PAD_SetGP28FdsoiComp
                0x000000001ffe753e       0x42 build_mx8qx_b0/drivers/pad/fsl_pad.o
                0x000000001ffe753e                PAD_SetGP28FdsoiComp
 .text.PAD_GetGP28FdsoiComp
                0x000000001ffe7580       0x50 build_mx8qx_b0/drivers/pad/fsl_pad.o
                0x000000001ffe7580                PAD_GetGP28FdsoiComp
 .text.PAD_SetWakeup
                0x000000001ffe75d0       0x14 build_mx8qx_b0/drivers/pad/fsl_pad.o
                0x000000001ffe75d0                PAD_SetWakeup
 .text.PAD_GetWakeup
                0x000000001ffe75e4       0x12 build_mx8qx_b0/drivers/pad/fsl_pad.o
                0x000000001ffe75e4                PAD_GetWakeup
 *fill*         0x000000001ffe75f6        0x2 
 .text.PAD_SetAll
                0x000000001ffe75f8       0x30 build_mx8qx_b0/drivers/pad/fsl_pad.o
                0x000000001ffe75f8                PAD_SetAll
 .text.PAD_GetAll
                0x000000001ffe7628       0x30 build_mx8qx_b0/drivers/pad/fsl_pad.o
                0x000000001ffe7628                PAD_GetAll
 .text.SYSCTR_Init
                0x000000001ffe7658       0x1c build_mx8qx_b0/drivers/sysctr/fsl_sysctr.o
                0x000000001ffe7658                SYSCTR_Init
 .text.SYSCTR_GetCounter64
                0x000000001ffe7674       0x1c build_mx8qx_b0/drivers/sysctr/fsl_sysctr.o
                0x000000001ffe7674                SYSCTR_GetCounter64
 .text.SYSCTR_GetCounter32
                0x000000001ffe7690        0x8 build_mx8qx_b0/drivers/sysctr/fsl_sysctr.o
                0x000000001ffe7690                SYSCTR_GetCounter32
 .text.SYSCTR_GetUsec64
                0x000000001ffe7698       0x10 build_mx8qx_b0/drivers/sysctr/fsl_sysctr.o
                0x000000001ffe7698                SYSCTR_GetUsec64
 .text.SYSCTR_FreqMode
                0x000000001ffe76a8       0x2c build_mx8qx_b0/drivers/sysctr/fsl_sysctr.o
                0x000000001ffe76a8                SYSCTR_FreqMode
 .text.SYSCTR_WakeEnable
                0x000000001ffe76d4       0x24 build_mx8qx_b0/drivers/sysctr/fsl_sysctr.o
                0x000000001ffe76d4                SYSCTR_WakeEnable
 .text.SYSCTR_Compare1Enable
                0x000000001ffe76f8       0x10 build_mx8qx_b0/drivers/sysctr/fsl_sysctr.o
                0x000000001ffe76f8                SYSCTR_Compare1Enable
 .text.SYSCTR_Compare1Disable
                0x000000001ffe7708        0xc build_mx8qx_b0/drivers/sysctr/fsl_sysctr.o
                0x000000001ffe7708                SYSCTR_Compare1Disable
 .text.SYSCTR_CMP0_IRQHandler
                0x000000001ffe7714        0xc build_mx8qx_b0/drivers/sysctr/fsl_sysctr.o
                0x000000001ffe7714                SYSCTR_CMP0_IRQHandler
 .text.XRDC_Init
                0x000000001ffe7720        0x2 build_mx8qx_b0/drivers/xrdc2/fsl_xrdc2.o
                0x000000001ffe7720                XRDC_Init
 .text.XRDC_Config
                0x000000001ffe7722       0x32 build_mx8qx_b0/drivers/xrdc2/fsl_xrdc2.o
                0x000000001ffe7722                XRDC_Config
 .text.XRDC_GetMsc
                0x000000001ffe7754       0x90 build_mx8qx_b0/drivers/xrdc2/fsl_xrdc2.o
                0x000000001ffe7754                XRDC_GetMsc
 .text.XRDC_SetMsc
                0x000000001ffe77e4       0xd0 build_mx8qx_b0/drivers/xrdc2/fsl_xrdc2.o
                0x000000001ffe77e4                XRDC_SetMsc
 .text.XRDC_SetMultiMsc
                0x000000001ffe78b4       0x32 build_mx8qx_b0/drivers/xrdc2/fsl_xrdc2.o
                0x000000001ffe78b4                XRDC_SetMultiMsc
 .text.XRDC_GetMda
                0x000000001ffe78e6       0xba build_mx8qx_b0/drivers/xrdc2/fsl_xrdc2.o
                0x000000001ffe78e6                XRDC_GetMda
 .text.XRDC_SetMda
                0x000000001ffe79a0       0xb2 build_mx8qx_b0/drivers/xrdc2/fsl_xrdc2.o
                0x000000001ffe79a0                XRDC_SetMda
 .text.XRDC_GetMrc
                0x000000001ffe7a52      0x1a2 build_mx8qx_b0/drivers/xrdc2/fsl_xrdc2.o
                0x000000001ffe7a52                XRDC_GetMrc
 .text.XRDC_SetMrc
                0x000000001ffe7bf4      0x222 build_mx8qx_b0/drivers/xrdc2/fsl_xrdc2.o
                0x000000001ffe7bf4                XRDC_SetMrc
 .text.XRDC_InvalidateMrc
                0x000000001ffe7e16       0xfa build_mx8qx_b0/drivers/xrdc2/fsl_xrdc2.o
                0x000000001ffe7e16                XRDC_InvalidateMrc
 .text.XRDC_FindMrc
                0x000000001ffe7f10       0x94 build_mx8qx_b0/drivers/xrdc2/fsl_xrdc2.o
                0x000000001ffe7f10                XRDC_FindMrc
 .text.XRDC_UnusedMrc
                0x000000001ffe7fa4       0x62 build_mx8qx_b0/drivers/xrdc2/fsl_xrdc2.o
                0x000000001ffe7fa4                XRDC_UnusedMrc
 *fill*         0x000000001ffe8006        0x2 
 .text.XRDC_PacCheck
                0x000000001ffe8008       0x34 build_mx8qx_b0/drivers/xrdc2/fsl_xrdc2.o
                0x000000001ffe8008                XRDC_PacCheck
 .text.check_pac_slot
                0x000000001ffe803c       0x9c build_mx8qx_b0/drivers/xrdc2/fsl_xrdc2.o
                0x000000001ffe803c                check_pac_slot
 .text.XRDC_GetPdac
                0x000000001ffe80d8       0xa2 build_mx8qx_b0/drivers/xrdc2/fsl_xrdc2.o
                0x000000001ffe80d8                XRDC_GetPdac
 .text.XRDC_SetPdac
                0x000000001ffe817a       0xf2 build_mx8qx_b0/drivers/xrdc2/fsl_xrdc2.o
                0x000000001ffe817a                XRDC_SetPdac
 .text.XRDC_SetMultiPdac
                0x000000001ffe826c       0x32 build_mx8qx_b0/drivers/xrdc2/fsl_xrdc2.o
                0x000000001ffe826c                XRDC_SetMultiPdac
 *fill*         0x000000001ffe829e        0x2 
 .text.MTR_repair_mem
                0x000000001ffe82a0       0x28 build_mx8qx_b0/drivers/mtr/fsl_mtr.o
                0x000000001ffe82a0                MTR_repair_mem
 .text.mu_rx    0x000000001ffe82c8       0x60 build_mx8qx_b0/drivers/seco/v2/fsl_seco.o
 .text.seco_err_xlate
                0x000000001ffe8328       0xd0 build_mx8qx_b0/drivers/seco/v2/fsl_seco.o
 .text.seco_call.constprop.3
                0x000000001ffe83f8      0x120 build_mx8qx_b0/drivers/seco/v2/fsl_seco.o
 .text.SECO_Get_Lifecycle
                0x000000001ffe8518       0x10 build_mx8qx_b0/drivers/seco/v2/fsl_seco.o
                0x000000001ffe8518                SECO_Get_Lifecycle
 .text.SECO_Power
                0x000000001ffe8528       0x34 build_mx8qx_b0/drivers/seco/v2/fsl_seco.o
                0x000000001ffe8528                SECO_Power
 .text.SECO_Image_Load
                0x000000001ffe855c        0x4 build_mx8qx_b0/drivers/seco/v2/fsl_seco.o
                0x000000001ffe855c                SECO_Image_Load
 .text.SECO_Authenticate
                0x000000001ffe8560       0x98 build_mx8qx_b0/drivers/seco/v2/fsl_seco.o
                0x000000001ffe8560                SECO_Authenticate
 .text.SECO_ClearCache
                0x000000001ffe85f8       0x24 build_mx8qx_b0/drivers/seco/v2/fsl_seco.o
                0x000000001ffe85f8                SECO_ClearCache
 .text.SECO_CAAM_Config
                0x000000001ffe861c      0x108 build_mx8qx_b0/drivers/seco/v2/fsl_seco.o
                0x000000001ffe861c                SECO_CAAM_Config
 .text.SECO_CAAM_PowerDown
                0x000000001ffe8724        0x4 build_mx8qx_b0/drivers/seco/v2/fsl_seco.o
                0x000000001ffe8724                SECO_CAAM_PowerDown
 .text.SECO_EnterLPM
                0x000000001ffe8728       0x20 build_mx8qx_b0/drivers/seco/v2/fsl_seco.o
                0x000000001ffe8728                SECO_EnterLPM
 .text.SECO_ExitLPM
                0x000000001ffe8748       0x1c build_mx8qx_b0/drivers/seco/v2/fsl_seco.o
                0x000000001ffe8748                SECO_ExitLPM
 .text.SECO_WriteSNVS
                0x000000001ffe8764       0x24 build_mx8qx_b0/drivers/seco/v2/fsl_seco.o
                0x000000001ffe8764                SECO_WriteSNVS
 .text.SECO_ReadSNVS
                0x000000001ffe8788       0x24 build_mx8qx_b0/drivers/seco/v2/fsl_seco.o
                0x000000001ffe8788                SECO_ReadSNVS
 .text.SECO_WriteFuse
                0x000000001ffe87ac       0x20 build_mx8qx_b0/drivers/seco/v2/fsl_seco.o
                0x000000001ffe87ac                SECO_WriteFuse
 .text.SECO_SecureWriteFuse
                0x000000001ffe87cc       0x20 build_mx8qx_b0/drivers/seco/v2/fsl_seco.o
                0x000000001ffe87cc                SECO_SecureWriteFuse
 .text.SECO_EnableDebug
                0x000000001ffe87ec       0x20 build_mx8qx_b0/drivers/seco/v2/fsl_seco.o
                0x000000001ffe87ec                SECO_EnableDebug
 .text.SECO_ForwardLifecycle
                0x000000001ffe880c       0x20 build_mx8qx_b0/drivers/seco/v2/fsl_seco.o
                0x000000001ffe880c                SECO_ForwardLifecycle
 .text.SECO_ReturnLifecycle
                0x000000001ffe882c       0x20 build_mx8qx_b0/drivers/seco/v2/fsl_seco.o
                0x000000001ffe882c                SECO_ReturnLifecycle
 .text.SECO_KickWdog
                0x000000001ffe884c       0x1c build_mx8qx_b0/drivers/seco/v2/fsl_seco.o
                0x000000001ffe884c                SECO_KickWdog
 .text.SECO_Version
                0x000000001ffe8868       0x54 build_mx8qx_b0/drivers/seco/v2/fsl_seco.o
                0x000000001ffe8868                SECO_Version
 .text.SECO_AttachDebug
                0x000000001ffe88bc       0x1c build_mx8qx_b0/drivers/seco/v2/fsl_seco.o
                0x000000001ffe88bc                SECO_AttachDebug
 .text.SECO_ChipInfo
                0x000000001ffe88d8       0x34 build_mx8qx_b0/drivers/seco/v2/fsl_seco.o
                0x000000001ffe88d8                SECO_ChipInfo
 .text.SECO_DumpEvents
                0x000000001ffe890c       0x58 build_mx8qx_b0/drivers/seco/v2/fsl_seco.o
                0x000000001ffe890c                SECO_DumpEvents
 .text.SECO_ErrNumber
                0x000000001ffe8964        0xc build_mx8qx_b0/drivers/seco/v2/fsl_seco.o
                0x000000001ffe8964                SECO_ErrNumber
 .text.SECO_StartRNG
                0x000000001ffe8970       0x24 build_mx8qx_b0/drivers/seco/v2/fsl_seco.o
                0x000000001ffe8970                SECO_StartRNG
 .text.SECO_Init
                0x000000001ffe8994       0xa0 build_mx8qx_b0/drivers/seco/v2/fsl_seco.o
                0x000000001ffe8994                SECO_Init
 .text.SECO_AttestMode
                0x000000001ffe8a34       0x20 build_mx8qx_b0/drivers/seco/v2/fsl_seco.o
                0x000000001ffe8a34                SECO_AttestMode
 .text.SECO_Attest
                0x000000001ffe8a54       0x20 build_mx8qx_b0/drivers/seco/v2/fsl_seco.o
                0x000000001ffe8a54                SECO_Attest
 .text.SECO_GetAttestPublicKey
                0x000000001ffe8a74       0x24 build_mx8qx_b0/drivers/seco/v2/fsl_seco.o
                0x000000001ffe8a74                SECO_GetAttestPublicKey
 .text.SECO_GetAttestSign
                0x000000001ffe8a98       0x24 build_mx8qx_b0/drivers/seco/v2/fsl_seco.o
                0x000000001ffe8a98                SECO_GetAttestSign
 .text.SECO_AttestVerify
                0x000000001ffe8abc       0x20 build_mx8qx_b0/drivers/seco/v2/fsl_seco.o
                0x000000001ffe8abc                SECO_AttestVerify
 .text.SECO_Commit
                0x000000001ffe8adc       0x28 build_mx8qx_b0/drivers/seco/v2/fsl_seco.o
                0x000000001ffe8adc                SECO_Commit
 .text.LPI2C_GetCyclesForWidth
                0x000000001ffe8b04       0x40 build_mx8qx_b0/drivers/lpi2c/fsl_lpi2c.o
 .text.CLOCK_EnableClock
                0x000000001ffe8b44       0x1c build_mx8qx_b0/drivers/lpi2c/fsl_lpi2c.o
 .text.LPI2C_GetInstance
                0x000000001ffe8b60       0x34 build_mx8qx_b0/drivers/lpi2c/fsl_lpi2c.o
                0x000000001ffe8b60                LPI2C_GetInstance
 .text.LPI2C_MasterCheckAndClearError
                0x000000001ffe8b94       0x5c build_mx8qx_b0/drivers/lpi2c/fsl_lpi2c.o
                0x000000001ffe8b94                LPI2C_MasterCheckAndClearError
 .text.LPI2C_MasterWaitForTxReady
                0x000000001ffe8bf0       0x18 build_mx8qx_b0/drivers/lpi2c/fsl_lpi2c.o
 .text.LPI2C_CheckForBusyBus
                0x000000001ffe8c08       0x14 build_mx8qx_b0/drivers/lpi2c/fsl_lpi2c.o
                0x000000001ffe8c08                LPI2C_CheckForBusyBus
 .text.LPI2C_MasterGetDefaultConfig
                0x000000001ffe8c1c       0x28 build_mx8qx_b0/drivers/lpi2c/fsl_lpi2c.o
                0x000000001ffe8c1c                LPI2C_MasterGetDefaultConfig
 .text.LPI2C_MasterSetBaudRate
                0x000000001ffe8c44       0xe0 build_mx8qx_b0/drivers/lpi2c/fsl_lpi2c.o
                0x000000001ffe8c44                LPI2C_MasterSetBaudRate
 .text.LPI2C_MasterInit
                0x000000001ffe8d24      0x108 build_mx8qx_b0/drivers/lpi2c/fsl_lpi2c.o
                0x000000001ffe8d24                LPI2C_MasterInit
 .text.LPI2C_MasterStart
                0x000000001ffe8e2c       0x30 build_mx8qx_b0/drivers/lpi2c/fsl_lpi2c.o
                0x000000001ffe8e2c                LPI2C_MasterStart
 .text.LPI2C_MasterStop
                0x000000001ffe8e5c       0x2c build_mx8qx_b0/drivers/lpi2c/fsl_lpi2c.o
                0x000000001ffe8e5c                LPI2C_MasterStop
 .text.LPI2C_MasterReceive
                0x000000001ffe8e88       0x58 build_mx8qx_b0/drivers/lpi2c/fsl_lpi2c.o
                0x000000001ffe8e88                LPI2C_MasterReceive
 .text.LPI2C_MasterSend
                0x000000001ffe8ee0       0x40 build_mx8qx_b0/drivers/lpi2c/fsl_lpi2c.o
                0x000000001ffe8ee0                LPI2C_MasterSend
 .text.LPIT_Init
                0x000000001ffe8f20       0x64 build_mx8qx_b0/drivers/lpit/fsl_lpit.o
                0x000000001ffe8f20                LPIT_Init
 .text.LPIT_SetupChannel
                0x000000001ffe8f84       0x58 build_mx8qx_b0/drivers/lpit/fsl_lpit.o
                0x000000001ffe8f84                LPIT_SetupChannel
 .text.LPCG_ClockOn
                0x000000001ffe8fdc       0x18 build_mx8qx_b0/drivers/lpcg/fsl_lpcg.o
                0x000000001ffe8fdc                LPCG_ClockOn
 .text.LPCG_ClockAutoGate
                0x000000001ffe8ff4       0x1c build_mx8qx_b0/drivers/lpcg/fsl_lpcg.o
                0x000000001ffe8ff4                LPCG_ClockAutoGate
 .text.LPCG_AllClockOn
                0x000000001ffe9010       0x16 build_mx8qx_b0/drivers/lpcg/fsl_lpcg.o
                0x000000001ffe9010                LPCG_AllClockOn
 .text.LPCG_AllClockAutoGate
                0x000000001ffe9026        0x8 build_mx8qx_b0/drivers/lpcg/fsl_lpcg.o
                0x000000001ffe9026                LPCG_AllClockAutoGate
 *fill*         0x000000001ffe902e        0x2 
 .text.LPUART_GetInstance
                0x000000001ffe9030       0x34 build_mx8qx_b0/drivers/lpuart/fsl_lpuart.o
                0x000000001ffe9030                LPUART_GetInstance
 .text.LPUART_Init
                0x000000001ffe9064      0x1b0 build_mx8qx_b0/drivers/lpuart/fsl_lpuart.o
                0x000000001ffe9064                LPUART_Init
 .text.LPUART_Deinit
                0x000000001ffe9214       0x34 build_mx8qx_b0/drivers/lpuart/fsl_lpuart.o
                0x000000001ffe9214                LPUART_Deinit
 .text.LPUART_GetDefaultConfig
                0x000000001ffe9248       0x38 build_mx8qx_b0/drivers/lpuart/fsl_lpuart.o
                0x000000001ffe9248                LPUART_GetDefaultConfig
 .text.LPUART_GetStatusFlags
                0x000000001ffe9280       0x10 build_mx8qx_b0/drivers/lpuart/fsl_lpuart.o
                0x000000001ffe9280                LPUART_GetStatusFlags
 .text.LPUART_ClearStatusFlags
                0x000000001ffe9290       0x40 build_mx8qx_b0/drivers/lpuart/fsl_lpuart.o
                0x000000001ffe9290                LPUART_ClearStatusFlags
 .text.LPUART_WriteBlocking
                0x000000001ffe92d0       0x28 build_mx8qx_b0/drivers/lpuart/fsl_lpuart.o
                0x000000001ffe92d0                LPUART_WriteBlocking
 .text.LPUART_ReadBlocking
                0x000000001ffe92f8       0x80 build_mx8qx_b0/drivers/lpuart/fsl_lpuart.o
                0x000000001ffe92f8                LPUART_ReadBlocking
 .text.MU_SendMsg
                0x000000001ffe9378       0x30 build_mx8qx_b0/drivers/mu/fsl_mu.o
                0x000000001ffe9378                MU_SendMsg
 .text.MU_ReceiveMsg
                0x000000001ffe93a8       0x34 build_mx8qx_b0/drivers/mu/fsl_mu.o
                0x000000001ffe93a8                MU_ReceiveMsg
 .text.MU_SetFlags
                0x000000001ffe93dc       0x16 build_mx8qx_b0/drivers/mu/fsl_mu.o
                0x000000001ffe93dc                MU_SetFlags
 .text.MU_TriggerInterrupts
                0x000000001ffe93f2       0x1c build_mx8qx_b0/drivers/mu/fsl_mu.o
                0x000000001ffe93f2                MU_TriggerInterrupts
 .text.otp_check_locked
                0x000000001ffe940e       0x38 build_mx8qx_b0/drivers/otp/fsl_otp.o
 .text.OTP_Init
                0x000000001ffe9446        0x2 build_mx8qx_b0/drivers/otp/fsl_otp.o
                0x000000001ffe9446                OTP_Init
 .text.OTP_Write
                0x000000001ffe9448       0xdc build_mx8qx_b0/drivers/otp/fsl_otp.o
                0x000000001ffe9448                OTP_Write
 .text.OTP_Get_Fuse
                0x000000001ffe9524       0x30 build_mx8qx_b0/drivers/otp/fsl_otp.o
                0x000000001ffe9524                OTP_Get_Fuse
 .text.OTP_Check_Locked
                0x000000001ffe9554       0x2c build_mx8qx_b0/drivers/otp/fsl_otp.o
                0x000000001ffe9554                OTP_Check_Locked
 .text.STC_RIL_SetInterleave
                0x000000001ffe9580        0x8 build_mx8qx_b0/drivers/stc/fsl_stc.o
                0x000000001ffe9580                STC_RIL_SetInterleave
 .text.STC_RCAT_SetCategorization
                0x000000001ffe9588       0x14 build_mx8qx_b0/drivers/stc/fsl_stc.o
                0x000000001ffe9588                STC_RCAT_SetCategorization
 .text.STC_QOS_Panic
                0x000000001ffe959c        0xc build_mx8qx_b0/drivers/stc/fsl_stc.o
                0x000000001ffe959c                STC_QOS_Panic
 .text.SYSTICK_Init
                0x000000001ffe95a8       0x18 build_mx8qx_b0/drivers/systick/fsl_systick.o
                0x000000001ffe95a8                SYSTICK_Init
 .text.SYSTICK_TickDiff32
                0x000000001ffe95c0        0xe build_mx8qx_b0/drivers/systick/fsl_systick.o
                0x000000001ffe95c0                SYSTICK_TickDiff32
 *fill*         0x000000001ffe95ce        0x2 
 .text.SYSTICK_CycleDelay
                0x000000001ffe95d0       0x1c build_mx8qx_b0/drivers/systick/fsl_systick.o
                0x000000001ffe95d0                SYSTICK_CycleDelay
 .text.SYSTICK_TimeDelay
                0x000000001ffe95ec       0x30 build_mx8qx_b0/drivers/systick/fsl_systick.o
                0x000000001ffe95ec                SYSTICK_TimeDelay
 .text.ddrc_mrw.constprop.1
                0x000000001ffe961c       0x60 build_mx8qx_b0/drivers/drc/fsl_drc.o
 .text.ddr_enter_retention
                0x000000001ffe967c      0x7ac build_mx8qx_b0/drivers/drc/fsl_drc.o
                0x000000001ffe967c                ddr_enter_retention
 .text.ddr_exit_retention
                0x000000001ffe9e28      0x914 build_mx8qx_b0/drivers/drc/fsl_drc.o
                0x000000001ffe9e28                ddr_exit_retention
 .text.SNVS_Init
                0x000000001ffea73c       0x38 build_mx8qx_b0/drivers/snvs/v2/fsl_snvs.o
                0x000000001ffea73c                SNVS_Init
 .text.SNVS_PowerOff
                0x000000001ffea774       0x14 build_mx8qx_b0/drivers/snvs/v2/fsl_snvs.o
                0x000000001ffea774                SNVS_PowerOff
 .text.SNVS_GetSecureRtc
                0x000000001ffea788       0x16 build_mx8qx_b0/drivers/snvs/v2/fsl_snvs.o
                0x000000001ffea788                SNVS_GetSecureRtc
 .text.SNVS_SetSecureRtcCalb
                0x000000001ffea79e       0x16 build_mx8qx_b0/drivers/snvs/v2/fsl_snvs.o
                0x000000001ffea79e                SNVS_SetSecureRtcCalb
 .text.SNVS_SetSecureRtcAlarm
                0x000000001ffea7b4       0x16 build_mx8qx_b0/drivers/snvs/v2/fsl_snvs.o
                0x000000001ffea7b4                SNVS_SetSecureRtcAlarm
 .text.SNVS_SetRtc
                0x000000001ffea7ca       0x16 build_mx8qx_b0/drivers/snvs/v2/fsl_snvs.o
                0x000000001ffea7ca                SNVS_SetRtc
 .text.SNVS_GetRtc
                0x000000001ffea7e0       0x16 build_mx8qx_b0/drivers/snvs/v2/fsl_snvs.o
                0x000000001ffea7e0                SNVS_GetRtc
 .text.SNVS_SetRtcCalb
                0x000000001ffea7f6       0x16 build_mx8qx_b0/drivers/snvs/v2/fsl_snvs.o
                0x000000001ffea7f6                SNVS_SetRtcCalb
 .text.SNVS_SetRtcAlarm
                0x000000001ffea80c       0x20 build_mx8qx_b0/drivers/snvs/v2/fsl_snvs.o
                0x000000001ffea80c                SNVS_SetRtcAlarm
 .text.SNVS_ConfigButton
                0x000000001ffea82c       0x30 build_mx8qx_b0/drivers/snvs/v2/fsl_snvs.o
                0x000000001ffea82c                SNVS_ConfigButton
 .text.SNVS_GetButtonStatus
                0x000000001ffea85c       0x1a build_mx8qx_b0/drivers/snvs/v2/fsl_snvs.o
                0x000000001ffea85c                SNVS_GetButtonStatus
 .text.SNVS_ClearButtonIRQ
                0x000000001ffea876       0x14 build_mx8qx_b0/drivers/snvs/v2/fsl_snvs.o
                0x000000001ffea876                SNVS_ClearButtonIRQ
 *fill*         0x000000001ffea88a        0x2 
 .text.SNVS_EnterLPM
                0x000000001ffea88c       0x34 build_mx8qx_b0/drivers/snvs/v2/fsl_snvs.o
                0x000000001ffea88c                SNVS_EnterLPM
 .text.SNVS_ExitLPM
                0x000000001ffea8c0       0x44 build_mx8qx_b0/drivers/snvs/v2/fsl_snvs.o
                0x000000001ffea8c0                SNVS_ExitLPM
 .text.SNVS_GetState
                0x000000001ffea904       0x1e build_mx8qx_b0/drivers/snvs/v2/fsl_snvs.o
                0x000000001ffea904                SNVS_GetState
 *fill*         0x000000001ffea922        0x2 
 .text.SNVS_SecurityViolation_IRQHandler
                0x000000001ffea924       0x14 build_mx8qx_b0/drivers/snvs/v2/fsl_snvs.o
                0x000000001ffea924                SNVS_SecurityViolation_IRQHandler
 .text.SNVS_PowerOff_IRQHandler
                0x000000001ffea938       0x20 build_mx8qx_b0/drivers/snvs/v2/fsl_snvs.o
                0x000000001ffea938                SNVS_PowerOff_IRQHandler
 .text.i2c_write_sub
                0x000000001ffea958       0x40 build_mx8qx_b0/drivers/pmic/fsl_pmic.o
                0x000000001ffea958                i2c_write_sub
 .text.i2c_write
                0x000000001ffea998        0x4 build_mx8qx_b0/drivers/pmic/fsl_pmic.o
                0x000000001ffea998                i2c_write
 .text.i2c_read_sub
                0x000000001ffea99c       0x6c build_mx8qx_b0/drivers/pmic/fsl_pmic.o
                0x000000001ffea99c                i2c_read_sub
 .text.i2c_read
                0x000000001ffeaa08        0x4 build_mx8qx_b0/drivers/pmic/fsl_pmic.o
                0x000000001ffeaa08                i2c_read
 .text.pmic_get_device_id
                0x000000001ffeaa0c       0x94 build_mx8qx_b0/drivers/pmic/fsl_pmic.o
                0x000000001ffeaa0c                pmic_get_device_id
 .text.check_si_rev
                0x000000001ffeaaa0       0x34 build_mx8qx_b0/drivers/pmic/pf8100/fsl_pf8100.o
 .text.pf8100_get_pmic_version
                0x000000001ffeaad4       0x50 build_mx8qx_b0/drivers/pmic/pf8100/fsl_pf8100.o
                0x000000001ffeaad4                pf8100_get_pmic_version
 .text.pf8100_pmic_set_voltage
                0x000000001ffeab24      0x16c build_mx8qx_b0/drivers/pmic/pf8100/fsl_pf8100.o
                0x000000001ffeab24                pf8100_pmic_set_voltage
 .text.pf8100_pmic_get_voltage
                0x000000001ffeac90      0x12c build_mx8qx_b0/drivers/pmic/pf8100/fsl_pf8100.o
                0x000000001ffeac90                pf8100_pmic_get_voltage
 .text.pf8100_pmic_set_mode
                0x000000001ffeadbc       0xa0 build_mx8qx_b0/drivers/pmic/pf8100/fsl_pf8100.o
                0x000000001ffeadbc                pf8100_pmic_set_mode
 .text.pf8100_get_pmic_temp
                0x000000001ffeae5c       0x7e build_mx8qx_b0/drivers/pmic/pf8100/fsl_pf8100.o
                0x000000001ffeae5c                pf8100_get_pmic_temp
 .text.pf8100_set_pmic_temp_alarm
                0x000000001ffeaeda       0x84 build_mx8qx_b0/drivers/pmic/pf8100/fsl_pf8100.o
                0x000000001ffeaeda                pf8100_set_pmic_temp_alarm
 *fill*         0x000000001ffeaf5e        0x2 
 .text.pf8100_pmic_register_access
                0x000000001ffeaf60       0x44 build_mx8qx_b0/drivers/pmic/pf8100/fsl_pf8100.o
                0x000000001ffeaf60                pf8100_pmic_register_access
 .text.pf8100_pmic_irq_service
                0x000000001ffeafa4       0x60 build_mx8qx_b0/drivers/pmic/pf8100/fsl_pf8100.o
                0x000000001ffeafa4                pf8100_pmic_irq_service
 .text.pf100_pmic_get_voltage
                0x000000001ffeb004      0x1d8 build_mx8qx_b0/drivers/pmic/pf100/fsl_pf100.o
                0x000000001ffeb004                pf100_pmic_get_voltage
 .text.pf100_pmic_register_access
                0x000000001ffeb1dc       0x44 build_mx8qx_b0/drivers/pmic/pf100/fsl_pf100.o
                0x000000001ffeb1dc                pf100_pmic_register_access
 .text.ss_init  0x000000001ffeb220       0x20 build_mx8qx_b0/ss/inf/inf.o
                0x000000001ffeb220                ss_init
 .text.ss_trans_power_mode
                0x000000001ffeb240       0x68 build_mx8qx_b0/ss/inf/inf.o
                0x000000001ffeb240                ss_trans_power_mode
 .text.ss_set_cpu_power_mode
                0x000000001ffeb2a8       0x54 build_mx8qx_b0/ss/inf/inf.o
                0x000000001ffeb2a8                ss_set_cpu_power_mode
 .text.ss_set_cpu_resume
                0x000000001ffeb2fc       0x60 build_mx8qx_b0/ss/inf/inf.o
                0x000000001ffeb2fc                ss_set_cpu_resume
 .text.ss_req_sys_if_power_mode
                0x000000001ffeb35c       0x58 build_mx8qx_b0/ss/inf/inf.o
                0x000000001ffeb35c                ss_req_sys_if_power_mode
 .text.ss_updown
                0x000000001ffeb3b4       0x2c build_mx8qx_b0/ss/inf/inf.o
                0x000000001ffeb3b4                ss_updown
 .text.ss_prepost_power_mode
                0x000000001ffeb3e0       0x38 build_mx8qx_b0/ss/inf/inf.o
                0x000000001ffeb3e0                ss_prepost_power_mode
 .text.ss_iso_disable
                0x000000001ffeb418       0x28 build_mx8qx_b0/ss/inf/inf.o
                0x000000001ffeb418                ss_iso_disable
 .text.ss_link_enable
                0x000000001ffeb440       0x28 build_mx8qx_b0/ss/inf/inf.o
                0x000000001ffeb440                ss_link_enable
 .text.ss_ssi_power
                0x000000001ffeb468       0x2c build_mx8qx_b0/ss/inf/inf.o
                0x000000001ffeb468                ss_ssi_power
 .text.ss_ssi_bhole_mode
                0x000000001ffeb494       0x28 build_mx8qx_b0/ss/inf/inf.o
                0x000000001ffeb494                ss_ssi_bhole_mode
 .text.ss_ssi_pause_mode
                0x000000001ffeb4bc       0x28 build_mx8qx_b0/ss/inf/inf.o
                0x000000001ffeb4bc                ss_ssi_pause_mode
 .text.ss_ssi_wait_idle
                0x000000001ffeb4e4       0x28 build_mx8qx_b0/ss/inf/inf.o
                0x000000001ffeb4e4                ss_ssi_wait_idle
 .text.ss_adb_enable
                0x000000001ffeb50c       0x28 build_mx8qx_b0/ss/inf/inf.o
                0x000000001ffeb50c                ss_adb_enable
 .text.ss_adb_wait
                0x000000001ffeb534       0x28 build_mx8qx_b0/ss/inf/inf.o
                0x000000001ffeb534                ss_adb_wait
 .text.ss_set_clock_rate
                0x000000001ffeb55c       0x5c build_mx8qx_b0/ss/inf/inf.o
                0x000000001ffeb55c                ss_set_clock_rate
 .text.ss_get_clock_rate
                0x000000001ffeb5b8       0x5c build_mx8qx_b0/ss/inf/inf.o
                0x000000001ffeb5b8                ss_get_clock_rate
 .text.ss_clock_enable
                0x000000001ffeb614       0x60 build_mx8qx_b0/ss/inf/inf.o
                0x000000001ffeb614                ss_clock_enable
 .text.ss_force_clock_enable
                0x000000001ffeb674       0x5c build_mx8qx_b0/ss/inf/inf.o
                0x000000001ffeb674                ss_force_clock_enable
 .text.ss_set_clock_parent
                0x000000001ffeb6d0       0x5c build_mx8qx_b0/ss/inf/inf.o
                0x000000001ffeb6d0                ss_set_clock_parent
 .text.ss_get_clock_parent
                0x000000001ffeb72c       0x5c build_mx8qx_b0/ss/inf/inf.o
                0x000000001ffeb72c                ss_get_clock_parent
 .text.ss_prepost_clock_mode
                0x000000001ffeb788       0x30 build_mx8qx_b0/ss/inf/inf.o
                0x000000001ffeb788                ss_prepost_clock_mode
 .text.ss_cpu_start
                0x000000001ffeb7b8       0x60 build_mx8qx_b0/ss/inf/inf.o
                0x000000001ffeb7b8                ss_cpu_start
 .text.ss_rdc_enable
                0x000000001ffeb818       0x2c build_mx8qx_b0/ss/inf/inf.o
                0x000000001ffeb818                ss_rdc_enable
 .text.ss_rdc_set_master
                0x000000001ffeb844       0x70 build_mx8qx_b0/ss/inf/inf.o
                0x000000001ffeb844                ss_rdc_set_master
 .text.ss_rdc_set_peripheral
                0x000000001ffeb8b4       0x58 build_mx8qx_b0/ss/inf/inf.o
                0x000000001ffeb8b4                ss_rdc_set_peripheral
 .text.ss_rdc_is_did_vld
                0x000000001ffeb90c       0x30 build_mx8qx_b0/ss/inf/inf.o
                0x000000001ffeb90c                ss_rdc_is_did_vld
 .text.ss_set_control
                0x000000001ffeb93c       0x5c build_mx8qx_b0/ss/inf/inf.o
                0x000000001ffeb93c                ss_set_control
 .text.ss_get_control
                0x000000001ffeb998       0x5c build_mx8qx_b0/ss/inf/inf.o
                0x000000001ffeb998                ss_get_control
 .text.ss_irq_enable
                0x000000001ffeb9f4       0x60 build_mx8qx_b0/ss/inf/inf.o
                0x000000001ffeb9f4                ss_irq_enable
 .text.ss_irq_status
                0x000000001ffeba54       0x5c build_mx8qx_b0/ss/inf/inf.o
                0x000000001ffeba54                ss_irq_status
 .text.ss_irq_trigger
                0x000000001ffebab0       0x54 build_mx8qx_b0/ss/inf/inf.o
                0x000000001ffebab0                ss_irq_trigger
 .text.ss_get_resource
                0x000000001ffebb04       0x38 build_mx8qx_b0/ss/inf/inf.o
                0x000000001ffebb04                ss_get_resource
 .text.ss_overlap
                0x000000001ffebb3c       0x58 build_mx8qx_b0/ss/inf/inf.o
                0x000000001ffebb3c                ss_overlap
 .text.ss_rdc_set_memory
                0x000000001ffebb94      0x344 build_mx8qx_b0/ss/inf/inf.o
                0x000000001ffebb94                ss_rdc_set_memory
 .text.ss_temp_sensor
                0x000000001ffebed8       0x58 build_mx8qx_b0/ss/inf/inf.o
                0x000000001ffebed8                ss_temp_sensor
 .text.ss_dsc_handler_mu
                0x000000001ffebf30       0x18 build_mx8qx_b0/ss/sc/v2/ss.o
 .text.ss_dsc_handler_reset.isra.0
                0x000000001ffebf48       0x36 build_mx8qx_b0/ss/sc/v2/ss.o
 .text.ss_dsc_handler_uecc_seco
                0x000000001ffebf7e        0x8 build_mx8qx_b0/ss/sc/v2/ss.o
 .text.ss_dsc_handler_lockup_seco
                0x000000001ffebf86        0x8 build_mx8qx_b0/ss/sc/v2/ss.o
 .text.ss_dsc_handler_wdog_seco
                0x000000001ffebf8e        0x8 build_mx8qx_b0/ss/sc/v2/ss.o
 .text.ss_dsc_handler_swrst_seco
                0x000000001ffebf96        0x8 build_mx8qx_b0/ss/sc/v2/ss.o
 *fill*         0x000000001ffebf9e        0x2 
 .text.ss_init_sc
                0x000000001ffebfa0       0x80 build_mx8qx_b0/ss/sc/v2/ss.o
                0x000000001ffebfa0                ss_init_sc
 .text.ss_prepost_power_mode_sc
                0x000000001ffec020       0xd0 build_mx8qx_b0/ss/sc/v2/ss.o
                0x000000001ffec020                ss_prepost_power_mode_sc
 .text.ss_timestamp_enable_sc
                0x000000001ffec0f0       0x28 build_mx8qx_b0/ss/sc/v2/ss.o
                0x000000001ffec0f0                ss_timestamp_enable_sc
 .text.ss_earlywdog_handler_sc
                0x000000001ffec118        0xe build_mx8qx_b0/ss/sc/v2/ss.o
                0x000000001ffec118                ss_earlywdog_handler_sc
 *fill*         0x000000001ffec126        0x2 
 .text.ss_csreq_handler_dbgpwrup
                0x000000001ffec128       0x30 build_mx8qx_b0/ss/sc/v2/ss.o
                0x000000001ffec128                ss_csreq_handler_dbgpwrup
 .text.ss_rdc_enable_sc
                0x000000001ffec158       0x32 build_mx8qx_b0/ss/sc/v2/ss.o
                0x000000001ffec158                ss_rdc_enable_sc
 *fill*         0x000000001ffec18a        0x2 
 .text.ss_rdc_set_master_sc
                0x000000001ffec18c       0xc4 build_mx8qx_b0/ss/sc/v2/ss.o
                0x000000001ffec18c                ss_rdc_set_master_sc
 .text.ss_rdc_set_peripheral_sc
                0x000000001ffec250       0x2e build_mx8qx_b0/ss/sc/v2/ss.o
                0x000000001ffec250                ss_rdc_set_peripheral_sc
 .text.ss_dsc_handler_irqstr_wake3
                0x000000001ffec27e        0xa build_mx8qx_b0/ss/adma/v2/ss.o
 .text.ss_dsc_handler_irqstr_wake1
                0x000000001ffec288        0xc build_mx8qx_b0/ss/adma/v2/ss.o
 .text.ss_dsc_handler_wakeup0_3
                0x000000001ffec294        0xe build_mx8qx_b0/ss/adma/v2/ss.o
 .text.ss_dsc_handler_wakeup0_2
                0x000000001ffec2a2        0xe build_mx8qx_b0/ss/adma/v2/ss.o
 .text.ss_dsc_handler_wakeup0_1
                0x000000001ffec2b0        0xe build_mx8qx_b0/ss/adma/v2/ss.o
 .text.ss_dsc_handler_wakeup0_0
                0x000000001ffec2be        0xe build_mx8qx_b0/ss/adma/v2/ss.o
 .text.ss_trans_power_mode_adma
                0x000000001ffec2cc       0x60 build_mx8qx_b0/ss/adma/v2/ss.o
                0x000000001ffec2cc                ss_trans_power_mode_adma
 .text.ss_updown_adma
                0x000000001ffec32c       0x58 build_mx8qx_b0/ss/adma/v2/ss.o
                0x000000001ffec32c                ss_updown_adma
 .text.ss_set_clock_parent_adma
                0x000000001ffec384       0x78 build_mx8qx_b0/ss/adma/v2/ss.o
                0x000000001ffec384                ss_set_clock_parent_adma
 .text.ss_prepost_power_mode_adma
                0x000000001ffec3fc       0xec build_mx8qx_b0/ss/adma/v2/ss.o
                0x000000001ffec3fc                ss_prepost_power_mode_adma
 .text.ss_link_enable_adma
                0x000000001ffec4e8       0x1e build_mx8qx_b0/ss/adma/v2/ss.o
                0x000000001ffec4e8                ss_link_enable_adma
 .text.ss_adb_enable_adma
                0x000000001ffec506        0xc build_mx8qx_b0/ss/adma/v2/ss.o
                0x000000001ffec506                ss_adb_enable_adma
 .text.ss_adb_wait_adma
                0x000000001ffec512        0xc build_mx8qx_b0/ss/adma/v2/ss.o
                0x000000001ffec512                ss_adb_wait_adma
 *fill*         0x000000001ffec51e        0x2 
 .text.ss_cpu_start_adma
                0x000000001ffec520       0x8c build_mx8qx_b0/ss/adma/v2/ss.o
                0x000000001ffec520                ss_cpu_start_adma
 .text.ss_set_control_adma
                0x000000001ffec5ac      0x134 build_mx8qx_b0/ss/adma/v2/ss.o
                0x000000001ffec5ac                ss_set_control_adma
 .text.ss_dsc_handler_mu
                0x000000001ffec6e0       0x50 build_mx8qx_b0/ss/lsio/v2/ss.o
 .text.ss_init_lsio
                0x000000001ffec730       0x48 build_mx8qx_b0/ss/lsio/v2/ss.o
                0x000000001ffec730                ss_init_lsio
 .text.ss_prepost_power_mode_lsio
                0x000000001ffec778       0x9c build_mx8qx_b0/ss/lsio/v2/ss.o
                0x000000001ffec778                ss_prepost_power_mode_lsio
 .text.ss_irq_enable_lsio
                0x000000001ffec814       0x84 build_mx8qx_b0/ss/lsio/v2/ss.o
                0x000000001ffec814                ss_irq_enable_lsio
 .text.ss_irq_status_lsio
                0x000000001ffec898       0x28 build_mx8qx_b0/ss/lsio/v2/ss.o
                0x000000001ffec898                ss_irq_status_lsio
 .text.ss_irq_trigger_lsio
                0x000000001ffec8c0       0x90 build_mx8qx_b0/ss/lsio/v2/ss.o
                0x000000001ffec8c0                ss_irq_trigger_lsio
 .text.ss_dsc_handler_dbgack
                0x000000001ffec950       0x1e build_mx8qx_b0/ss/a35/v1/ss.o
 .text.ss_dsc_handler_wfi_a35_3
                0x000000001ffec96e       0x20 build_mx8qx_b0/ss/a35/v1/ss.o
 .text.ss_dsc_handler_wfi_a35_2
                0x000000001ffec98e       0x20 build_mx8qx_b0/ss/a35/v1/ss.o
 .text.ss_dsc_handler_wfi_a35_1
                0x000000001ffec9ae       0x20 build_mx8qx_b0/ss/a35/v1/ss.o
 .text.ss_dsc_handler_wfi_a35_0
                0x000000001ffec9ce       0x20 build_mx8qx_b0/ss/a35/v1/ss.o
 *fill*         0x000000001ffec9ee        0x2 
 .text.ss_init_a35
                0x000000001ffec9f0       0x30 build_mx8qx_b0/ss/a35/v1/ss.o
                0x000000001ffec9f0                ss_init_a35
 .text.ss_updown_a35
                0x000000001ffeca20       0xac build_mx8qx_b0/ss/a35/v1/ss.o
                0x000000001ffeca20                ss_updown_a35
 .text.ss_prepost_power_mode_a35
                0x000000001ffecacc       0xd4 build_mx8qx_b0/ss/a35/v1/ss.o
                0x000000001ffecacc                ss_prepost_power_mode_a35
 .text.ss_link_enable_a35