Archive member included to satisfy reference by file (symbol)

/home/jalcim/gcc_toolchain/gcc-arm-none-eabi-7-2018-q2-update/bin/../lib/gcc/arm-none-eabi/7.3.1/../../../../arm-none-eabi/lib/thumb/v7e-m/fpv4-sp/softfp/libc_nano.a(lib_a-assert.o)
                              build_mx8qx_b0/drivers/gpio/fsl_gpio.o (__assert_func)
/home/jalcim/gcc_toolchain/gcc-arm-none-eabi-7-2018-q2-update/bin/../lib/gcc/arm-none-eabi/7.3.1/../../../../arm-none-eabi/lib/thumb/v7e-m/fpv4-sp/softfp/libc_nano.a(lib_a-errno.o)
                              build_mx8qx_b0/main/monitor.o (__errno)
/home/jalcim/gcc_toolchain/gcc-arm-none-eabi-7-2018-q2-update/bin/../lib/gcc/arm-none-eabi/7.3.1/../../../../arm-none-eabi/lib/thumb/v7e-m/fpv4-sp/softfp/libc_nano.a(lib_a-exit.o)
                              build_mx8qx_b0/main/main_common.o (exit)
/home/jalcim/gcc_toolchain/gcc-arm-none-eabi-7-2018-q2-update/bin/../lib/gcc/arm-none-eabi/7.3.1/../../../../arm-none-eabi/lib/thumb/v7e-m/fpv4-sp/softfp/libc_nano.a(lib_a-fgets.o)
                              build_mx8qx_b0/main/monitor.o (fgets)
/home/jalcim/gcc_toolchain/gcc-arm-none-eabi-7-2018-q2-update/bin/../lib/gcc/arm-none-eabi/7.3.1/../../../../arm-none-eabi/lib/thumb/v7e-m/fpv4-sp/softfp/libc_nano.a(lib_a-findfp.o)
                              /home/jalcim/gcc_toolchain/gcc-arm-none-eabi-7-2018-q2-update/bin/../lib/gcc/arm-none-eabi/7.3.1/../../../../arm-none-eabi/lib/thumb/v7e-m/fpv4-sp/softfp/libc_nano.a(lib_a-fgets.o) (__sinit)
/home/jalcim/gcc_toolchain/gcc-arm-none-eabi-7-2018-q2-update/bin/../lib/gcc/arm-none-eabi/7.3.1/../../../../arm-none-eabi/lib/thumb/v7e-m/fpv4-sp/softfp/libc_nano.a(lib_a-fprintf.o)
                              /home/jalcim/gcc_toolchain/gcc-arm-none-eabi-7-2018-q2-update/bin/../lib/gcc/arm-none-eabi/7.3.1/../../../../arm-none-eabi/lib/thumb/v7e-m/fpv4-sp/softfp/libc_nano.a(lib_a-assert.o) (fiprintf)
/home/jalcim/gcc_toolchain/gcc-arm-none-eabi-7-2018-q2-update/bin/../lib/gcc/arm-none-eabi/7.3.1/../../../../arm-none-eabi/lib/thumb/v7e-m/fpv4-sp/softfp/libc_nano.a(lib_a-fwalk.o)
                              /home/jalcim/gcc_toolchain/gcc-arm-none-eabi-7-2018-q2-update/bin/../lib/gcc/arm-none-eabi/7.3.1/../../../../arm-none-eabi/lib/thumb/v7e-m/fpv4-sp/softfp/libc_nano.a(lib_a-findfp.o) (_fwalk)
/home/jalcim/gcc_toolchain/gcc-arm-none-eabi-7-2018-q2-update/bin/../lib/gcc/arm-none-eabi/7.3.1/../../../../arm-none-eabi/lib/thumb/v7e-m/fpv4-sp/softfp/libc_nano.a(lib_a-impure.o)
                              /home/jalcim/gcc_toolchain/gcc-arm-none-eabi-7-2018-q2-update/bin/../lib/gcc/arm-none-eabi/7.3.1/../../../../arm-none-eabi/lib/thumb/v7e-m/fpv4-sp/softfp/libc_nano.a(lib_a-exit.o) (_global_impure_ptr)
/home/jalcim/gcc_toolchain/gcc-arm-none-eabi-7-2018-q2-update/bin/../lib/gcc/arm-none-eabi/7.3.1/../../../../arm-none-eabi/lib/thumb/v7e-m/fpv4-sp/softfp/libc_nano.a(lib_a-init.o)
                              build_mx8qx_b0/board/board.o (__libc_init_array)
/home/jalcim/gcc_toolchain/gcc-arm-none-eabi-7-2018-q2-update/bin/../lib/gcc/arm-none-eabi/7.3.1/../../../../arm-none-eabi/lib/thumb/v7e-m/fpv4-sp/softfp/libc_nano.a(lib_a-memchr.o)
                              /home/jalcim/gcc_toolchain/gcc-arm-none-eabi-7-2018-q2-update/bin/../lib/gcc/arm-none-eabi/7.3.1/../../../../arm-none-eabi/lib/thumb/v7e-m/fpv4-sp/softfp/libc_nano.a(lib_a-fgets.o) (memchr)
/home/jalcim/gcc_toolchain/gcc-arm-none-eabi-7-2018-q2-update/bin/../lib/gcc/arm-none-eabi/7.3.1/../../../../arm-none-eabi/lib/thumb/v7e-m/fpv4-sp/softfp/libc_nano.a(lib_a-memcpy-stub.o)
                              build_mx8qx_b0/main/boot.o (memcpy)
/home/jalcim/gcc_toolchain/gcc-arm-none-eabi-7-2018-q2-update/bin/../lib/gcc/arm-none-eabi/7.3.1/../../../../arm-none-eabi/lib/thumb/v7e-m/fpv4-sp/softfp/libc_nano.a(lib_a-memset.o)
                              build_mx8qx_b0/drivers/xrdc2/fsl_xrdc2.o (memset)
/home/jalcim/gcc_toolchain/gcc-arm-none-eabi-7-2018-q2-update/bin/../lib/gcc/arm-none-eabi/7.3.1/../../../../arm-none-eabi/lib/thumb/v7e-m/fpv4-sp/softfp/libc_nano.a(lib_a-nano-mallocr.o)
                              /home/jalcim/gcc_toolchain/gcc-arm-none-eabi-7-2018-q2-update/bin/../lib/gcc/arm-none-eabi/7.3.1/../../../../arm-none-eabi/lib/thumb/v7e-m/fpv4-sp/softfp/libc_nano.a(lib_a-findfp.o) (_malloc_r)
/home/jalcim/gcc_toolchain/gcc-arm-none-eabi-7-2018-q2-update/bin/../lib/gcc/arm-none-eabi/7.3.1/../../../../arm-none-eabi/lib/thumb/v7e-m/fpv4-sp/softfp/libc_nano.a(lib_a-nano-vfprintf.o)
                              /home/jalcim/gcc_toolchain/gcc-arm-none-eabi-7-2018-q2-update/bin/../lib/gcc/arm-none-eabi/7.3.1/../../../../arm-none-eabi/lib/thumb/v7e-m/fpv4-sp/softfp/libc_nano.a(lib_a-fprintf.o) (_vfprintf_r)
/home/jalcim/gcc_toolchain/gcc-arm-none-eabi-7-2018-q2-update/bin/../lib/gcc/arm-none-eabi/7.3.1/../../../../arm-none-eabi/lib/thumb/v7e-m/fpv4-sp/softfp/libc_nano.a(lib_a-nano-vfprintf_i.o)
[...]
Memory Configuration

Name             Origin             Length             Attributes
m_rom            0x0000000000000000 0x0000000000018000 xr
*default*        0x0000000000000000 0xffffffffffffffff

Linker script and memory map

                0x0000000000000001                __ram_vector_table__ = 0x1
LOAD build_mx8qx_b0/devices/startup.o
LOAD build_mx8qx_b0/devices/memops.o
LOAD build_mx8qx_b0/devices/MX8QX/system_MX8QX.o
LOAD build_mx8qx_b0/devices/MX8QX/handlers_MX8QX.o
LOAD build_mx8qx_b0/devices/MX8QX/gcc/startup_MX8QX.o
LOAD build_mx8qx_b0/main/main.o
LOAD build_mx8qx_b0/main/main_common.o
LOAD build_mx8qx_b0/main/boot.o
LOAD build_mx8qx_b0/main/debug.o
LOAD build_mx8qx_b0/main/rpc.o
LOAD build_mx8qx_b0/main/ipc_srv.o
LOAD build_mx8qx_b0/main/ipc.o
LOAD build_mx8qx_b0/main/monitor.o
LOAD build_mx8qx_b0/utilities/newlib_stubs.o
LOAD build_mx8qx_b0/soc/MX8QX/soc.o
LOAD build_mx8qx_b0/soc/common/soc_common.o
LOAD build_mx8qx_b0/drivers/analog/fsl_analog.o
LOAD build_mx8qx_b0/drivers/analog/fsl_analog_refgen.o
LOAD build_mx8qx_b0/drivers/analog/fsl_analog_fbb.o
LOAD build_mx8qx_b0/drivers/csr/fsl_csr.o
LOAD build_mx8qx_b0/drivers/dsc/fsl_dsc.o
LOAD build_mx8qx_b0/drivers/dsc/fsl_dsc_ai.o
LOAD build_mx8qx_b0/drivers/pad/fsl_pad.o
LOAD build_mx8qx_b0/drivers/sysctr/fsl_sysctr.o
LOAD build_mx8qx_b0/drivers/xrdc2/fsl_xrdc2.o
LOAD build_mx8qx_b0/drivers/mtr/fsl_mtr.o
LOAD build_mx8qx_b0/drivers/seco/v2/fsl_seco.o
LOAD build_mx8qx_b0/drivers/gpio/fsl_gpio.o
LOAD build_mx8qx_b0/drivers/lmem/fsl_lmem_cache.o
LOAD build_mx8qx_b0/drivers/lpi2c/fsl_lpi2c.o
LOAD build_mx8qx_b0/drivers/lpit/fsl_lpit.o
LOAD build_mx8qx_b0/drivers/lpcg/fsl_lpcg.o
LOAD build_mx8qx_b0/drivers/lpuart/fsl_lpuart.o
LOAD build_mx8qx_b0/drivers/mu/fsl_mu.o
LOAD build_mx8qx_b0/drivers/otp/fsl_otp.o
LOAD build_mx8qx_b0/drivers/stc/fsl_stc.o
LOAD build_mx8qx_b0/drivers/systick/fsl_systick.o
LOAD build_mx8qx_b0/drivers/drc/fsl_drc.o
LOAD build_mx8qx_b0/drivers/drc/fsl_drc_dqs2dq.o
LOAD build_mx8qx_b0/drivers/wdog32/fsl_wdog32.o
LOAD build_mx8qx_b0/drivers/snvs/v2/fsl_snvs.o
LOAD build_mx8qx_b0/drivers/pmic/fsl_pmic.o
LOAD build_mx8qx_b0/drivers/pmic/pf8100/fsl_pf8100.o
LOAD build_mx8qx_b0/drivers/pmic/pf100/fsl_pf100.o
LOAD build_mx8qx_b0/ss/inf/inf.o
LOAD build_mx8qx_b0/ss/sc/v2/ss.o
LOAD build_mx8qx_b0/ss/adma/v2/ss.o
LOAD build_mx8qx_b0/ss/vpu/v4/ss.o
LOAD build_mx8qx_b0/ss/lsio/v2/ss.o
LOAD build_mx8qx_b0/ss/a35/v1/ss.o
LOAD build_mx8qx_b0/ss/base/ss.o
LOAD build_mx8qx_b0/ss/conn/v1/ss.o
LOAD build_mx8qx_b0/ss/csi/v1/ss.o
LOAD build_mx8qx_b0/ss/db/v2/ss.o
LOAD build_mx8qx_b0/ss/dc/v1/ss.o
LOAD build_mx8qx_b0/ss/drc/v2/ss.o
LOAD build_mx8qx_b0/ss/gpu/v2/ss.o
LOAD build_mx8qx_b0/ss/hsio/v2/ss.o
LOAD build_mx8qx_b0/ss/img/v1/ss.o
LOAD build_mx8qx_b0/ss/m4/v1/ss.o
LOAD build_mx8qx_b0/ss/mipi/v2/ss.o
LOAD build_mx8qx_b0/ss/pi/v1/ss.o
LOAD build_mx8qx_b0/board/mx8qx_mek/board.o
LOAD build_mx8qx_b0/board/board_common.o
LOAD build_mx8qx_b0/board/board.o
LOAD build_mx8qx_b0/board/pmic.o
LOAD build_mx8qx_b0/svc/irq/svc.o
LOAD build_mx8qx_b0/svc/misc/svc.o
LOAD build_mx8qx_b0/svc/pad/svc.o
LOAD build_mx8qx_b0/svc/pm/svc.o
LOAD build_mx8qx_b0/svc/rm/svc.o
LOAD build_mx8qx_b0/svc/timer/svc.o
LOAD build_mx8qx_b0/svc/irq/rpc_srv.o
LOAD build_mx8qx_b0/svc/misc/rpc_srv.o
LOAD build_mx8qx_b0/svc/pad/rpc_srv.o
LOAD build_mx8qx_b0/svc/pm/rpc_srv.o
LOAD build_mx8qx_b0/svc/rm/rpc_srv.o
LOAD build_mx8qx_b0/svc/timer/rpc_srv.o
LOAD build_mx8qx_b0/svc/irq/rpc_clnt.o
LOAD build_mx8qx_b0/svc/misc/rpc_clnt.o
LOAD build_mx8qx_b0/svc/pad/rpc_clnt.o
LOAD build_mx8qx_b0/svc/pm/rpc_clnt.o
LOAD build_mx8qx_b0/svc/rm/rpc_clnt.o
LOAD build_mx8qx_b0/svc/timer/rpc_clnt.o
LOAD /home/jalcim/gcc_toolchain/gcc-arm-none-eabi-7-2018-q2-update/bin/../lib/gcc/arm-none-eabi/7.3.1/../../../../arm-none-eabi/lib/thumb/v7e-m/fpv4-sp/softfp/libc_nano.a
LOAD /home/jalcim/gcc_toolchain/gcc-arm-none-eabi-7-2018-q2-update/bin/../lib/gcc/arm-none-eabi/7.3.1/thumb/v7e-m/fpv4-sp/softfp/libgcc.a

.rom            0x0000000000000000       0x80
                0x0000000000000000                . = ALIGN (0x8)
 *(.rom)
 .rom           0x0000000000000000       0x58 build_mx8qx_b0/devices/MX8QX/gcc/startup_MX8QX.o
                0x0000000000000000                __rom_vector
                0x0000000000000050                RomDefaultISR
                0x0000000000000080                . = ALIGN (0x80)
 *fill*         0x0000000000000058       0x28 
OUTPUT(build_mx8qx_b0/scfw.elf elf32-littlearm)

.glue_7         0x0000000000000080        0x0
 .glue_7        0x0000000000000080        0x0 linker stubs

.glue_7t        0x0000000000000080        0x0
 .glue_7t       0x0000000000000080        0x0 linker stubs

.vfp11_veneer   0x0000000000000080        0x0
 .vfp11_veneer  0x0000000000000080        0x0 linker stubs

.v4_bx          0x0000000000000080        0x0
 .v4_bx         0x0000000000000080        0x0 linker stubs

.iplt           0x0000000000000080        0x0
 .iplt          0x0000000000000080        0x0 build_mx8qx_b0/devices/MX8QX/gcc/startup_MX8QX.o

.text._init     0x0000000000000080        0x2
 .text._init    0x0000000000000080        0x2 build_mx8qx_b0/utilities/newlib_stubs.o
                0x0000000000000080                _init

.text._fini     0x0000000000000082        0x2
 .text._fini    0x0000000000000082        0x2 build_mx8qx_b0/utilities/newlib_stubs.o
                0x0000000000000082                _fini

.igot.plt       0x0000000000000084        0x0
 .igot.plt      0x0000000000000084        0x0 build_mx8qx_b0/devices/MX8QX/gcc/startup_MX8QX.o

.rel.dyn        0x0000000000000084        0x0
 .rel.iplt      0x0000000000000084        0x0 build_mx8qx_b0/devices/MX8QX/gcc/startup_MX8QX.o

.ARM.attributes
                0x0000000000000000       0x35
 .ARM.attributes
                0x0000000000000000       0x1f build_mx8qx_b0/devices/MX8QX/gcc/startup_MX8QX.o
 .ARM.attributes
                0x000000000000001f       0x35 build_mx8qx_b0/utilities/newlib_stubs.o

.comment        0x0000000000000000       0x7f
 .comment       0x0000000000000000       0x7f build_mx8qx_b0/utilities/newlib_stubs.o
                                         0x80 (size before relaxing)

.debug_line     0x0000000000000000      0xc1d
 .debug_line    0x0000000000000000      0x150 build_mx8qx_b0/devices/MX8QX/gcc/startup_MX8QX.o
 .debug_line    0x0000000000000150      0xacd build_mx8qx_b0/utilities/newlib_stubs.o

.debug_info     0x0000000000000000     0x3468
 .debug_info    0x0000000000000000       0x9c build_mx8qx_b0/devices/MX8QX/gcc/startup_MX8QX.o
 .debug_info    0x000000000000009c     0x33cc build_mx8qx_b0/utilities/newlib_stubs.o

.debug_abbrev   0x0000000000000000      0x4c9
 .debug_abbrev  0x0000000000000000       0x12 build_mx8qx_b0/devices/MX8QX/gcc/startup_MX8QX.o
 .debug_abbrev  0x0000000000000012      0x4b7 build_mx8qx_b0/utilities/newlib_stubs.o

.debug_aranges  0x0000000000000000       0xc0
 .debug_aranges
                0x0000000000000000       0x28 build_mx8qx_b0/devices/MX8QX/gcc/startup_MX8QX.o
 .debug_aranges
                0x0000000000000028       0x98 build_mx8qx_b0/utilities/newlib_stubs.o

.debug_ranges   0x0000000000000000       0xf8
 .debug_ranges  0x0000000000000000       0x20 build_mx8qx_b0/devices/MX8QX/gcc/startup_MX8QX.o
 .debug_ranges  0x0000000000000020       0xd8 build_mx8qx_b0/utilities/newlib_stubs.o

.debug_loc      0x0000000000000000      0x4e5
 .debug_loc     0x0000000000000000      0x4e5 build_mx8qx_b0/utilities/newlib_stubs.o

.debug_str      0x0000000000000000     0x1872
 .debug_str     0x0000000000000000     0x1872 build_mx8qx_b0/utilities/newlib_stubs.o
                                       0x1a17 (size before relaxing)

.debug_frame    0x0000000000000000      0x15c
 .debug_frame   0x0000000000000000      0x15c build_mx8qx_b0/utilities/newlib_stubs.o
